
Allocating common symbols
Common symbol       size              file

netbufpool          0x4               binaries/net.o
readylist           0x2               binaries/ready.o
rfltab              0x5a0             binaries/rflinit.o
sleepq              0x2               binaries/clkinit.o
nnames              0x4               binaries/naminit.o
udptab              0x168             binaries/udp.o
minheap             0x4               binaries/meminit.o
marks               0x50              binaries/mark.o
currpid             0x4               binaries/initialize.o
Lf_data             0x20c             binaries/lfsinit.o
porttab             0x2d0             binaries/ptinit.o
girmask             0x2               binaries/evec.o
ttytab              0x10c             binaries/ttyinit.o
proctab             0x1a90            binaries/initialize.o
total_ready_proc    0x4               binaries/initialize.o
prcount             0x4               binaries/initialize.o
lfltab              0xf00             binaries/lflinit.o
rdstab              0x8c              binaries/rdsinit.o
ethertab            0x138             binaries/ethinit.o
NetData             0xa8              binaries/net.o
nmarks              0x4               binaries/mark.o
Defer               0x8               binaries/resched.o
semtab              0x4b0             binaries/initialize.o
maxheap             0x4               binaries/meminit.o
preempt             0x4               binaries/clkinit.o
buftab              0xf0              binaries/bufinit.o
Rf_data             0x18              binaries/rfsinit.o
total_cpu_usage     0x4               binaries/initialize.o
clktimefine         0x4               binaries/clkinit.o
mkmutex             0x4               binaries/mark.o
rlist               0x320             binaries/minheap.o
victimpid           0x4               binaries/main.o
clktime             0x4               binaries/clkinit.o
arpcache            0x140             binaries/arp.o
icmptab             0x230             binaries/icmp.o
nbpools             0x4               binaries/bufinit.o
queuetab            0x980             binaries/queue.o
ptnextid            0x4               binaries/ptinit.o
Ram                 0x19000           binaries/raminit.o
ipoqueue            0x2c              binaries/ip.o
memlist             0x8               binaries/initialize.o
nametab             0x19a0            binaries/naminit.o
ptfree              0x4               binaries/ptinit.o

Memory Configuration

Name             Origin             Length             Attributes
*default*        0x0000000000000000 0xffffffffffffffff

Linker script and memory map

                0x0000000000100000                physbase = 0x100000
                0x0000000000100000                . = physbase
                0x0000000000100000                . = ALIGN (0x1000)

.text           0x0000000000100000    0x15000
                0x0000000000100000                text = ABSOLUTE (.)
 *(.text .text.*)
 .text          0x0000000000100000      0x1ac binaries/start.o
                0x0000000000100028                start
                0x00000000001000fa                inb
                0x0000000000100102                inw
                0x000000000010010b                inl
                0x0000000000100113                outb
                0x000000000010011d                outw
                0x0000000000100128                outl
                0x0000000000100132                _rtcin
                0x000000000010013d                ___udivsi3
                0x0000000000100148                ___divsi3
                0x0000000000100154                sbzero
                0x0000000000100164                bcopy
                0x0000000000100178                insw
                0x000000000010018e                outsw
                0x00000000001001a4                lidt
 .text          0x00000000001001ac      0x2b9 binaries/ascdate.o
                0x00000000001001ac                ascdate
 .text          0x0000000000100465       0x14 binaries/bufinit.o
                0x0000000000100465                bufinit
 .text          0x0000000000100479       0x61 binaries/chprio.o
                0x0000000000100479                chprio
 .text          0x00000000001004da       0xd7 binaries/clkhandler.o
                0x00000000001004da                clkhandler
                0x000000000010059b                timediff
 .text          0x00000000001005b1       0x67 binaries/clkinit.o
                0x00000000001005b1                clkinit
 .text          0x0000000000100618       0x56 binaries/close.o
                0x0000000000100618                close
 .text          0x000000000010066e        0x0 binaries/conf.o
 .text          0x000000000010066e       0x5c binaries/control.o
                0x000000000010066e                control
 .text          0x00000000001006ca       0x71 binaries/cpubnd.o
                0x00000000001006ca                cpubnd
 .text          0x000000000010073b      0x23f binaries/create.o
                0x000000000010073b                create
 .text          0x000000000010097a      0x20e binaries/early_imr.o
                0x000000000010097a                intel_cln_early_sb_read_reg
                0x00000000001009d1                intel_cln_early_sb_write_reg
                0x0000000000100a8b                remove_irm_protections
 .text          0x0000000000100b88      0x2e4 binaries/evec.o
                0x0000000000100b88                setirmask
                0x0000000000100bc0                set_evec
                0x0000000000100c1b                initevec
                0x0000000000100ced                trap
 .text          0x0000000000100e6c       0x7f binaries/freebuf.o
                0x0000000000100e6c                freebuf
 .text          0x0000000000100eeb      0x108 binaries/freemem.o
                0x0000000000100eeb                freemem
 .text          0x0000000000100ff3       0x6e binaries/getbuf.o
                0x0000000000100ff3                getbuf
 .text          0x0000000000101061       0x56 binaries/getc.o
                0x0000000000101061                getc
 .text          0x00000000001010b7       0x69 binaries/getdev.o
                0x00000000001010b7                getdev
 .text          0x0000000000101120       0x82 binaries/getitem.o
                0x0000000000101120                getitem
                0x000000000010114f                getfirst
                0x0000000000101176                getlast
 .text          0x00000000001011a2       0xc2 binaries/getmem.o
                0x00000000001011a2                getmem
 .text          0x0000000000101264        0xa binaries/getpid.o
                0x0000000000101264                getpid
 .text          0x000000000010126e       0x58 binaries/getprio.o
                0x000000000010126e                getprio
 .text          0x00000000001012c6       0xac binaries/getstk.o
                0x00000000001012c6                getstk
 .text          0x0000000000101372       0x32 binaries/gettime.o
                0x0000000000101372                gettime
 .text          0x00000000001013a4      0x18c binaries/getutime.o
                0x00000000001013a4                getutime
 .text          0x0000000000101530       0x56 binaries/init.o
                0x0000000000101530                init
 .text          0x0000000000101586      0x25d binaries/initialize.o
                0x0000000000101586                nulluser
                0x0000000000101799                stop
                0x00000000001017bd                delay
 .text          0x00000000001017e3       0xbb binaries/insert.o
                0x00000000001017e3                insert
 .text          0x000000000010189e      0x106 binaries/insertd.o
                0x000000000010189e                insertd
 .text          0x00000000001019a4       0x7e binaries/iobnd.o
                0x00000000001019a4                iobnd
 .text          0x0000000000101a22        0xa binaries/ioerr.o
                0x0000000000101a22                ioerr
 .text          0x0000000000101a2c        0xa binaries/ionull.o
                0x0000000000101a2c                ionull
 .text          0x0000000000101a36      0x16d binaries/kill.o
                0x0000000000101a36                kill
 .text          0x0000000000101ba3       0xa9 binaries/kprintf.o
                0x0000000000101ba3                kputc
                0x0000000000101bd5                console_init
                0x0000000000101c08                kgetc
                0x0000000000101c2e                kprintf
 .text          0x0000000000101c4c      0x11f binaries/lab1.o
                0x0000000000101c4c                forever0
                0x0000000000101c6f                new_proc
 .text          0x0000000000101d6b       0x9f binaries/lab2.o
                0x0000000000101d6b                func1
                0x0000000000101d88                app1
                0x0000000000101dda                looper
 .text          0x0000000000101e0a       0x5b binaries/lab4.o
                0x0000000000101e0a                printTime
 .text          0x0000000000101e65      0x155 binaries/main.o
                0x0000000000101e65                main
 .text          0x0000000000101fba       0x99 binaries/mark.o
                0x0000000000101fba                markinit
                0x0000000000101fdb                mark
 .text          0x0000000000102053      0x1ff binaries/meminit.o
                0x0000000000102053                meminit
                0x00000000001021e2                setsegs
 .text          0x0000000000102252      0x2fe binaries/minheap.o
                0x0000000000102252                sn
                0x00000000001022cb                percup
                0x0000000000102310                percdown
                0x0000000000102391                newheap
                0x00000000001023a5                heapinsert
                0x00000000001023fe                heapgethead
                0x000000000010246b                heapminkey
                0x0000000000102475                heapgetitem
                0x00000000001024f2                printheap
 .text          0x0000000000102550      0x122 binaries/mkbufpool.o
                0x0000000000102550                mkbufpool
 .text          0x0000000000102672       0x3d binaries/net2hostlasm.o
                0x0000000000102672                net2hostlasm
 .text          0x00000000001026af       0x63 binaries/newqueue.o
                0x00000000001026af                newqueue
 .text          0x0000000000102712       0x5c binaries/open.o
                0x0000000000102712                open
 .text          0x000000000010276e       0x20 binaries/panic.o
                0x000000000010276e                panic
 .text          0x000000000010278e      0x282 binaries/pci.o
                0x000000000010278e                pci_init
                0x0000000000102798                find_pci_device
                0x0000000000102857                pci_read_config_byte
                0x0000000000102895                pci_read_config_word
                0x00000000001028d5                pci_read_config_dword
                0x0000000000102913                pci_write_config_byte
                0x000000000010294f                pci_write_config_word
                0x000000000010298c                pci_write_config_dword
                0x00000000001029c8                pci_get_dev_mmio_base_addr
 .text          0x0000000000102a10       0x50 binaries/platinit.o
                0x0000000000102a10                platinit
 .text          0x0000000000102a60       0xe4 binaries/printsegaddr.o
                0x0000000000102a60                printsegaddr
 .text          0x0000000000102b44       0xa9 binaries/ptclear.o
                0x0000000000102b44                _ptclear
 .text          0x0000000000102bed       0x85 binaries/ptcount.o
                0x0000000000102bed                ptcount
 .text          0x0000000000102c72       0xfe binaries/ptcreate.o
                0x0000000000102c72                ptcreate
 .text          0x0000000000102d70       0x63 binaries/ptdelete.o
                0x0000000000102d70                ptdelete
 .text          0x0000000000102dd3       0x91 binaries/ptinit.o
                0x0000000000102dd3                ptinit
 .text          0x0000000000102e64       0xf5 binaries/ptrecv.o
                0x0000000000102e64                ptrecv
 .text          0x0000000000102f59       0x66 binaries/ptreset.o
                0x0000000000102f59                ptreset
 .text          0x0000000000102fbf      0x115 binaries/ptsend.o
                0x0000000000102fbf                ptsend
 .text          0x00000000001030d4       0x64 binaries/putc.o
                0x00000000001030d4                putc
 .text          0x0000000000103138       0xb3 binaries/quark_irq.o
                0x0000000000103138                quark_irq_routing
 .text          0x00000000001031eb      0x19a binaries/quark_pdat.o
                0x00000000001031eb                get_quark_pdat_entry_data_by_id
                0x00000000001032b5                get_quark_pdat_entry_data_by_desc
 .text          0x0000000000103385       0xd2 binaries/queue.o
                0x0000000000103385                enqueue
                0x00000000001033e9                dequeue
 .text          0x0000000000103457      0x29c binaries/rcreate.o
                0x0000000000103457                rcreate
 .text          0x00000000001036f3       0x5c binaries/read.o
                0x00000000001036f3                read
 .text          0x000000000010374f       0x78 binaries/ready.o
                0x000000000010374f                ready
 .text          0x00000000001037c7       0x5a binaries/receive.o
                0x00000000001037c7                receive
 .text          0x0000000000103821       0x49 binaries/recvclr.o
                0x0000000000103821                recvclr
 .text          0x000000000010386a       0xb4 binaries/recvtime.o
                0x000000000010386a                recvtime
 .text          0x000000000010391e      0x150 binaries/resched.o
                0x000000000010391e                resched
                0x00000000001039fc                resched_cntl
 .text          0x0000000000103a6e       0x80 binaries/resume.o
                0x0000000000103a6e                resume
 .text          0x0000000000103aee       0x59 binaries/seek.o
                0x0000000000103aee                seek
 .text          0x0000000000103b47       0x51 binaries/semcount.o
                0x0000000000103b47                semcount
 .text          0x0000000000103b98       0x93 binaries/semcreate.o
                0x0000000000103b98                semcreate
 .text          0x0000000000103c2b       0xd1 binaries/semdelete.o
                0x0000000000103c2b                semdelete
 .text          0x0000000000103cfc       0xa8 binaries/semreset.o
                0x0000000000103cfc                semreset
 .text          0x0000000000103da4       0xb6 binaries/send.o
                0x0000000000103da4                send
 .text          0x0000000000103e5a       0x95 binaries/signal.o
                0x0000000000103e5a                signal
 .text          0x0000000000103eef       0xc2 binaries/signaln.o
                0x0000000000103eef                signaln
 .text          0x0000000000103fb1       0xc0 binaries/sleep.o
                0x0000000000103fb1                sleepms
                0x000000000010403b                sleep
 .text          0x0000000000104071       0xc5 binaries/stacksmashA.o
                0x0000000000104071                takeover
                0x0000000000104095                rec
                0x00000000001040b3                stacksmashA
 .text          0x0000000000104136       0x2c binaries/stacksmashV.o
                0x0000000000104136                stacksmashV
 .text          0x0000000000104162      0x199 binaries/stacktrace.o
                0x0000000000104162                stacktrace
 .text          0x00000000001042fb       0xb2 binaries/suspend.o
                0x00000000001042fb                suspend
 .text          0x00000000001043ad       0x92 binaries/unsleep.o
                0x00000000001043ad                unsleep
 .text          0x000000000010443f       0x19 binaries/userret.o
                0x000000000010443f                userret
 .text          0x0000000000104458       0xb2 binaries/wait.o
                0x0000000000104458                wait
 .text          0x000000000010450a       0x71 binaries/wakeup.o
                0x000000000010450a                wakeup
 .text          0x000000000010457b       0x5c binaries/write.o
                0x000000000010457b                write
 .text          0x00000000001045d7       0x1a binaries/xdone.o
                0x00000000001045d7                xdone
 .text          0x00000000001045f1       0x26 binaries/yield.o
                0x00000000001045f1                yield
 .text          0x0000000000104617       0x11 binaries/abs.o
                0x0000000000104617                abs
 .text          0x0000000000104628       0x84 binaries/atoi.o
                0x0000000000104628                atoi
 .text          0x00000000001046ac       0x84 binaries/atol.o
                0x00000000001046ac                atol
 .text          0x0000000000104730       0x1a binaries/bzero.o
                0x0000000000104730                bzero
 .text          0x000000000010474a        0x0 binaries/ctype_.o
 .text          0x000000000010474a      0x6bf binaries/doprnt.o
                0x000000000010489d                _doprnt
 .text          0x0000000000104e09      0x5f2 binaries/doscan.o
                0x0000000000104e09                _doscan
 .text          0x00000000001053fb      0x64e binaries/fdoprnt.o
                0x0000000000105480                _fdoprnt
 .text          0x0000000000105a49       0x1c binaries/fgetc.o
                0x0000000000105a49                fgetc
 .text          0x0000000000105a65       0x61 binaries/fgets.o
                0x0000000000105a65                fgets
 .text          0x0000000000105ac6       0x21 binaries/fprintf.o
                0x0000000000105ac6                fprintf
 .text          0x0000000000105ae7       0x27 binaries/fputc.o
                0x0000000000105ae7                fputc
 .text          0x0000000000105b0e       0x3a binaries/fputs.o
                0x0000000000105b0e                fputs
 .text          0x0000000000105b48       0x6a binaries/fscanf.o
                0x0000000000105b86                fscanf
 .text          0x0000000000105bb2       0x20 binaries/getchar.o
                0x0000000000105bb2                getchar
 .text          0x0000000000105bd2       0x11 binaries/labs.o
                0x0000000000105bd2                labs
 .text          0x0000000000105be3       0x36 binaries/memchr.o
                0x0000000000105be3                memchr
 .text          0x0000000000105c19       0x4a binaries/memcmp.o
                0x0000000000105c19                memcmp
 .text          0x0000000000105c63       0x26 binaries/memcpy.o
                0x0000000000105c63                memcpy
 .text          0x0000000000105c89       0x1f binaries/memset.o
                0x0000000000105c89                memset
 .text          0x0000000000105ca8       0x31 binaries/printf.o
                0x0000000000105ca8                printf
 .text          0x0000000000105cd9       0x23 binaries/putchar.o
                0x0000000000105cd9                putchar
 .text          0x0000000000105cfc      0x1cc binaries/qsort.o
                0x0000000000105ea0                qsort
 .text          0x0000000000105ec8       0x4c binaries/rand.o
                0x0000000000105ec8                srand
                0x0000000000105ed5                rand
 .text          0x0000000000105f14       0x48 binaries/sprintf.o
                0x0000000000105f2d                sprintf
 .text          0x0000000000105f5c       0x5a binaries/sscanf.o
                0x0000000000105f8c                sscanf
 .text          0x0000000000105fb6       0x2f binaries/strchr.o
                0x0000000000105fb6                strchr
 .text          0x0000000000105fe5       0x45 binaries/strcmp.o
                0x0000000000105fe5                strcmp
 .text          0x000000000010602a       0x1c binaries/strcpy.o
                0x000000000010602a                strcpy
 .text          0x0000000000106046       0x20 binaries/strlen.o
                0x0000000000106046                strlen
 .text          0x0000000000106066       0x3d binaries/strncat.o
                0x0000000000106066                strncat
 .text          0x00000000001060a3       0x3b binaries/strncmp.o
                0x00000000001060a3                strncmp
 .text          0x00000000001060de       0x59 binaries/strncpy.o
                0x00000000001060de                strncpy
 .text          0x0000000000106137       0x38 binaries/strnlen.o
                0x0000000000106137                strnlen
 .text          0x000000000010616f       0x32 binaries/strrchr.o
                0x000000000010616f                strrchr
 .text          0x00000000001061a1       0x68 binaries/strstr.o
                0x00000000001061a1                strstr
 .text          0x0000000000106209      0x112 binaries/ttycontrol.o
                0x0000000000106209                ttycontrol
 .text          0x000000000010631b       0xb0 binaries/ttygetc.o
                0x000000000010631b                ttygetc
 .text          0x00000000001063cb      0x4a3 binaries/ttyhandle_in.o
                0x000000000010648f                ttyhandle_in
 .text          0x000000000010686e      0x178 binaries/ttyhandle_out.o
                0x000000000010686e                ttyhandle_out
 .text          0x00000000001069e6       0x85 binaries/ttyhandler.o
                0x00000000001069e6                ttyhandler
 .text          0x0000000000106a6b      0x15d binaries/ttyinit.o
                0x0000000000106a6b                ttyinit
 .text          0x0000000000106bc8        0xf binaries/ttykickout.o
                0x0000000000106bc8                ttykickout
 .text          0x0000000000106bd7       0xb2 binaries/ttyputc.o
                0x0000000000106bd7                ttyputc
 .text          0x0000000000106c89       0xff binaries/ttyread.o
                0x0000000000106c89                ttyread
 .text          0x0000000000106d88       0x4d binaries/ttywrite.o
                0x0000000000106d88                ttywrite
 .text          0x0000000000106dd5      0x129 binaries/mount.o
                0x0000000000106dd5                namlen
                0x0000000000106e11                mount
 .text          0x0000000000106efe      0x1c4 binaries/naminit.o
                0x0000000000106efe                naminit
 .text          0x00000000001070c2      0x1fe binaries/nammap.o
                0x00000000001070c2                namrepl
                0x00000000001071e5                namcpy
                0x0000000000107233                nammap
 .text          0x00000000001072c0       0x44 binaries/namopen.o
                0x00000000001072c0                namopen
 .text          0x0000000000107304       0xd4 binaries/colon2mac.o
                0x0000000000107304                colon2mac
 .text          0x00000000001073d8       0x7d binaries/ethcontrol.o
                0x00000000001073d8                ethcontrol
 .text          0x0000000000107455      0x17e binaries/ethhandler.o
                0x0000000000107455                ethhandler
 .text          0x00000000001075d3      0x548 binaries/ethinit.o
                0x00000000001075d3                eth_phy_read
                0x0000000000107613                eth_phy_write
                0x0000000000107654                eth_phy_reset
                0x000000000010772e                ethinit
 .text          0x0000000000107b1b      0x107 binaries/ethmcast.o
                0x0000000000107b1b                ethmcast_add
                0x0000000000107b67                ethmcast_remove
 .text          0x0000000000107c22      0x172 binaries/ethread.o
                0x0000000000107c22                ethread
 .text          0x0000000000107d94       0xc1 binaries/ethwrite.o
                0x0000000000107d94                ethwrite
 .text          0x0000000000107e55       0x68 binaries/rdsbufalloc.o
                0x0000000000107e55                rdsbufalloc
 .text          0x0000000000107ebd       0xd6 binaries/rdsclose.o
                0x0000000000107ebd                rdsclose
 .text          0x0000000000107f93      0x1df binaries/rdscomm.o
                0x0000000000107f93                rdscomm
 .text          0x0000000000108172      0x1c4 binaries/rdscontrol.o
                0x0000000000108172                rdscontrol
 .text          0x0000000000108336      0x1f8 binaries/rdsinit.o
                0x0000000000108336                rdsinit
 .text          0x000000000010852e      0x199 binaries/rdsopen.o
                0x000000000010852e                rdsopen
 .text          0x00000000001086c7      0x2c5 binaries/rdsprocess.o
                0x00000000001086c7                rdsprocess
 .text          0x000000000010898c      0x1d8 binaries/rdsread.o
                0x000000000010898c                rdsread
 .text          0x0000000000108b64      0x1ae binaries/rdswrite.o
                0x0000000000108b64                rdswrite
 .text          0x0000000000108d12        0xa binaries/ramclose.o
                0x0000000000108d12                ramclose
 .text          0x0000000000108d1c       0x35 binaries/raminit.o
                0x0000000000108d1c                raminit
 .text          0x0000000000108d51        0xa binaries/ramopen.o
                0x0000000000108d51                ramopen
 .text          0x0000000000108d5b       0x26 binaries/ramread.o
                0x0000000000108d5b                ramread
 .text          0x0000000000108d81       0x26 binaries/ramwrite.o
                0x0000000000108d81                ramwrite
 .text          0x0000000000108da7       0x87 binaries/lfdballoc.o
                0x0000000000108da7                lfdballoc
 .text          0x0000000000108e2e       0x49 binaries/lfdbfree.o
                0x0000000000108e2e                lfdbfree
 .text          0x0000000000108e77       0xa1 binaries/lfflush.o
                0x0000000000108e77                lfflush
 .text          0x0000000000108f18       0x82 binaries/lfgetmode.o
                0x0000000000108f18                lfgetmode
 .text          0x0000000000108f9a       0x60 binaries/lfiballoc.o
                0x0000000000108f9a                lfiballoc
 .text          0x0000000000108ffa       0x27 binaries/lfibclear.o
                0x0000000000108ffa                lfibclear
 .text          0x0000000000109021       0x6c binaries/lfibget.o
                0x0000000000109021                lfibget
 .text          0x000000000010908d       0x88 binaries/lfibput.o
                0x000000000010908d                lfibput
 .text          0x0000000000109115       0xa4 binaries/lflclose.o
                0x0000000000109115                lflclose
 .text          0x00000000001091b9       0xc2 binaries/lflcontrol.o
                0x00000000001091b9                lflcontrol
 .text          0x000000000010927b       0xfd binaries/lflgetc.o
                0x000000000010927b                lflgetc
 .text          0x0000000000109378       0xe7 binaries/lflinit.o
                0x0000000000109378                lflinit
 .text          0x000000000010945f      0x12f binaries/lflputc.o
                0x000000000010945f                lflputc
 .text          0x000000000010958e       0x6b binaries/lflread.o
                0x000000000010958e                lflread
 .text          0x00000000001095f9       0xbd binaries/lflseek.o
                0x00000000001095f9                lflseek
 .text          0x00000000001096b6       0x52 binaries/lflwrite.o
                0x00000000001096b6                lflwrite
 .text          0x0000000000109708      0x114 binaries/lfsckfmt.o
                0x0000000000109708                lfsckfmt
 .text          0x000000000010981c      0x1e6 binaries/lfscreate.o
                0x000000000010981c                lfscreate
 .text          0x0000000000109a02      0x1b1 binaries/lfsetup.o
                0x0000000000109a02                lfsetup
 .text          0x0000000000109bb3       0x45 binaries/lfsinit.o
                0x0000000000109bb3                lfsinit
 .text          0x0000000000109bf8      0x302 binaries/lfsopen.o
                0x0000000000109bf8                lfsopen
 .text          0x0000000000109efa      0x112 binaries/lftruncate.o
                0x0000000000109efa                lftruncate
 .text          0x000000000010a00c       0x69 binaries/rflclose.o
                0x000000000010a00c                rflclose
 .text          0x000000000010a075       0x29 binaries/rflgetc.o
                0x000000000010a075                rflgetc
 .text          0x000000000010a09e       0x6c binaries/rflinit.o
                0x000000000010a09e                rflinit
 .text          0x000000000010a10a       0x29 binaries/rflputc.o
                0x000000000010a10a                rflputc
 .text          0x000000000010a133      0x2b6 binaries/rflread.o
                0x000000000010a133                rflread
 .text          0x000000000010a3e9       0x68 binaries/rflseek.o
                0x000000000010a3e9                rflseek
 .text          0x000000000010a451      0x2fa binaries/rflwrite.o
                0x000000000010a451                rflwrite
 .text          0x000000000010a74b      0x17d binaries/rfscomm.o
                0x000000000010a74b                rfscomm
 .text          0x000000000010a8c8      0x22b binaries/rfscontrol.o
                0x000000000010a8c8                rfscontrol
 .text          0x000000000010aaf3       0x82 binaries/rfsgetmode.o
                0x000000000010aaf3                rfsgetmode
 .text          0x000000000010ab75       0x7e binaries/rfsinit.o
                0x000000000010ab75                rfsinit
 .text          0x000000000010abf3       0xad binaries/rfsndmsg.o
                0x000000000010abf3                rfsndmsg
 .text          0x000000000010aca0      0x243 binaries/rfsopen.o
                0x000000000010aca0                rfsopen
 .text          0x000000000010aee3      0x626 binaries/arp.o
                0x000000000010aee3                arp_init
                0x000000000010aeff                arp_alloc
                0x000000000010afa6                arp_ntoh
                0x000000000010b013                arp_hton
                0x000000000010b080                arp_resolve
                0x000000000010b2d1                arp_in
 .text          0x000000000010b509      0x5ed binaries/dhcp.o
                0x000000000010b509                dhcp_get_opt_val
                0x000000000010b55d                dhcp_bld_bootp_msg
                0x000000000010b62f                dhcp_bld_disc
                0x000000000010b681                dhcp_bld_req
                0x000000000010b71c                getlocalip
 .text          0x000000000010baf6       0xda binaries/dot2ip.o
                0x000000000010baf6                dot2ip
 .text          0x000000000010bbd0      0x38c binaries/hexdump.o
                0x000000000010bbd0                hexdump
                0x000000000010bd2a                hexadump
 .text          0x000000000010bf5c      0x6f6 binaries/icmp.o
                0x000000000010bf5c                icmp_init
                0x000000000010bf78                icmp_register
                0x000000000010c036                icmp_recv
                0x000000000010c1d9                icmp_mkpkt
                0x000000000010c2a6                icmp_in
                0x000000000010c440                icmp_send
                0x000000000010c4af                icmp_release
                0x000000000010c5ca                icmp_cksum
                0x000000000010c624                icmp_hton
                0x000000000010c63b                icmp_ntoh
 .text          0x000000000010c652      0x5e2 binaries/ip.o
                0x000000000010c652                ip_local
                0x000000000010c692                ipcksum
                0x000000000010c6e8                ip_ntoh
                0x000000000010c755                ip_in
                0x000000000010c87a                ip_hton
                0x000000000010c8e7                ip_out
                0x000000000010c99d                ip_send
                0x000000000010caa8                ipout
                0x000000000010cb9b                ip_enqueue
 .text          0x000000000010cc34      0x1b2 binaries/net.o
                0x000000000010cc34                net_init
                0x000000000010cd2b                eth_hton
                0x000000000010cd38                eth_ntoh
                0x000000000010cd45                netin
 .text          0x000000000010cde6       0xb9 binaries/netstart.o
                0x000000000010cde6                netstart
 .text          0x000000000010ce9f      0xa30 binaries/pdump.o
                0x000000000010ce9f                pdump
                0x000000000010d484                pdumph
 .text          0x000000000010d8cf      0x5b8 binaries/tftp.o
                0x000000000010d8cf                tftp_send1
                0x000000000010d9e3                tftpget_mb
                0x000000000010de64                tftpget
 .text          0x000000000010de87      0xa17 binaries/udp.o
                0x000000000010de87                udp_init
                0x000000000010dec8                udp_in
                0x000000000010dff1                udp_register
                0x000000000010e102                udp_recv
                0x000000000010e29b                udp_recvaddr
                0x000000000010e448                udp_send
                0x000000000010e5f6                udp_sendto
                0x000000000010e75f                udp_release
                0x000000000010e870                udp_ntoh
                0x000000000010e887                udp_hton
 .text          0x000000000010e89e      0x114 binaries/addargs.o
                0x000000000010e89e                addargs
 .text          0x000000000010e9b2      0x1db binaries/lexan.o
                0x000000000010e9b2                lexan
 .text          0x000000000010eb8d      0x645 binaries/shell.o
                0x000000000010eb8d                shell
 .text          0x000000000010f1d2       0x59 binaries/xsh_argecho.o
                0x000000000010f1d2                xsh_argecho
 .text          0x000000000010f22b      0x1fb binaries/xsh_arp.o
                0x000000000010f22b                xsh_arp
 .text          0x000000000010f426      0x1ed binaries/xsh_cat.o
                0x000000000010f426                xsh_cat
 .text          0x000000000010f613       0x52 binaries/xsh_clear.o
                0x000000000010f613                xsh_clear
 .text          0x000000000010f665      0x287 binaries/xsh_date.o
                0x000000000010f665                xsh_date
 .text          0x000000000010f8ec       0x83 binaries/xsh_devdump.o
                0x000000000010f8ec                xsh_devdump
 .text          0x000000000010f96f       0x63 binaries/xsh_echo.o
                0x000000000010f96f                xsh_echo
 .text          0x000000000010f9d2        0xa binaries/xsh_exit.o
                0x000000000010f9d2                xsh_exit
 .text          0x000000000010f9dc      0x329 binaries/xsh_help.o
                0x000000000010f9dc                xsh_help
 .text          0x000000000010fd05      0x373 binaries/xsh_ipaddr.o
                0x000000000010fd05                xsh_ipaddr
 .text          0x0000000000110078      0x1c0 binaries/xsh_kill.o
                0x0000000000110078                xsh_kill
 .text          0x0000000000110238      0x3cf binaries/xsh_memdump.o
                0x00000000001102fe                xsh_memdump
 .text          0x0000000000110607      0x1d2 binaries/xsh_memstat.o
                0x0000000000110607                xsh_memstat
 .text          0x00000000001107d9      0x111 binaries/xsh_pcount.o
                0x00000000001107d9                xsh_pcount
 .text          0x00000000001108ea      0x297 binaries/xsh_ping.o
                0x00000000001108ea                xsh_ping
 .text          0x0000000000110b81      0x1a2 binaries/xsh_ps.o
                0x0000000000110b81                xsh_ps
 .text          0x0000000000110d23      0x1b2 binaries/xsh_sleep.o
                0x0000000000110d23                xsh_sleep
 .text          0x0000000000110ed5      0x1c9 binaries/xsh_udpdump.o
                0x0000000000110ed5                xsh_udpdump
 .text          0x000000000011109e      0x3cb binaries/xsh_udpecho.o
                0x000000000011109e                xsh_udpecho
 .text          0x0000000000111469      0x20e binaries/xsh_udpeserver.o
                0x0000000000111469                xsh_udpeserver
 .text          0x0000000000111677      0x1b6 binaries/xsh_uptime.o
                0x0000000000111677                xsh_uptime
 .text          0x000000000011182d        0xe binaries/clkdisp.o
                0x000000000011182d                clkdisp
 .text          0x000000000011183b       0x19 binaries/ctxsw.o
                0x000000000011183b                ctxsw
 .text          0x0000000000111854      0x36b binaries/intr.o
                0x0000000000111854                disable
                0x000000000011185d                restore
                0x000000000011186b                enable
                0x000000000011186d                pause
                0x0000000000111874                halt
                0x000000000011187a                spurious_irq7
                0x000000000011187f                spurious_irq15
                0x000000000011188e                _Xint0
                0x0000000000111899                _Xint1
                0x00000000001118a4                _Xint2
                0x00000000001118af                _Xint3
                0x00000000001118ba                _Xint4
                0x00000000001118c5                _Xint5
                0x00000000001118d0                _Xint6
                0x00000000001118db                _Xint7
                0x00000000001118e6                _Xint8
                0x00000000001118f1                _Xint9
                0x00000000001118fc                _Xint10
                0x0000000000111907                _Xint11
                0x0000000000111915                _Xint12
                0x0000000000111923                _Xint13
                0x0000000000111931                _Xint14
                0x000000000011193f                _Xint15
                0x000000000011194d                _Xint16
                0x000000000011195b                _Xint17
                0x0000000000111969                _Xint18
                0x0000000000111977                _Xint19
                0x0000000000111985                _Xint20
                0x0000000000111993                _Xint21
                0x00000000001119a1                _Xint22
                0x00000000001119af                _Xint23
                0x00000000001119bd                _Xint24
                0x00000000001119cb                _Xint25
                0x00000000001119d9                _Xint26
                0x00000000001119e7                _Xint27
                0x00000000001119f5                _Xint28
                0x0000000000111a03                _Xint29
                0x0000000000111a11                _Xint30
                0x0000000000111a1f                _Xint31
                0x0000000000111a2d                _Xint32
                0x0000000000111a3b                _Xint33
                0x0000000000111a49                _Xint34
                0x0000000000111a57                _Xint35
                0x0000000000111a65                _Xint36
                0x0000000000111a73                _Xint37
                0x0000000000111a81                _Xint38
                0x0000000000111a8f                _Xint39
                0x0000000000111a9d                _Xint40
                0x0000000000111aab                _Xint41
                0x0000000000111ab9                _Xint42
                0x0000000000111ac7                _Xint43
                0x0000000000111ad5                _Xint44
                0x0000000000111ae3                _Xint45
                0x0000000000111af1                _Xint46
                0x0000000000111aff                defevec
 .text          0x0000000000111bbf       0x39 binaries/net2hostl.o
                0x0000000000111bbf                net2hostl
 .text          0x0000000000111bf8       0x31 binaries/net2hostlgcc.o
                0x0000000000111bf8                net2hostlgcc
 .text          0x0000000000111c29        0xf binaries/ttydispatch.o
                0x0000000000111c29                ttydispatch
 .text          0x0000000000111c38       0x13 binaries/ethdispatch.o
                0x0000000000111c38                ethdispatch
 *(.rodata .rodata.*)
 .rodata.str1.1
                0x0000000000111c4b       0x54 binaries/ascdate.o
 *fill*         0x0000000000111c9f        0x1 
 .rodata.str1.4
                0x0000000000111ca0       0x22 binaries/ascdate.o
 .rodata.str1.1
                0x0000000000111cc2       0x5f binaries/conf.o
 .rodata.str1.1
                0x0000000000111d21       0x26 binaries/cpubnd.o
 *fill*         0x0000000000111d47        0x1 
 .rodata.str1.4
                0x0000000000111d48       0x4f binaries/early_imr.o
 *fill*         0x0000000000111d97        0x1 
 .rodata        0x0000000000111d98       0x33 binaries/early_imr.o
 .rodata.str1.1
                0x0000000000111dcb      0x20c binaries/evec.o
 *fill*         0x0000000000111fd7        0x1 
 .rodata.str1.4
                0x0000000000111fd8       0x23 binaries/evec.o
 .rodata.str1.1
                0x0000000000111ffb        0xb binaries/getutime.o
 *fill*         0x0000000000112006        0x2 
 .rodata.str1.4
                0x0000000000112008       0x54 binaries/getutime.o
 .rodata.str1.1
                0x000000000011205c       0x5b binaries/initialize.o
                                         0x5f (size before relaxing)
 *fill*         0x00000000001120b7        0x1 
 .rodata.str1.4
                0x00000000001120b8       0xd4 binaries/initialize.o
 .rodata.str1.1
                0x000000000011218c       0x24 binaries/iobnd.o
 .rodata        0x00000000001121b0       0x20 binaries/kill.o
 .rodata.str1.1
                0x00000000001121d0       0x7d binaries/lab1.o
                                         0x82 (size before relaxing)
 *fill*         0x000000000011224d        0x3 
 .rodata.str1.4
                0x0000000000112250       0x6f binaries/lab1.o
 *fill*         0x00000000001122bf        0x1 
 .rodata.str1.4
                0x00000000001122c0       0xc5 binaries/lab2.o
 .rodata.str1.1
                0x0000000000112385        0x7 binaries/lab2.o
 .rodata.str1.4
                0x000000000011238c       0x47 binaries/lab4.o
 .rodata.str1.1
                0x00000000001123d3       0x5c binaries/main.o
 *fill*         0x000000000011242f        0x1 
 .rodata.str1.4
                0x0000000000112430      0x1f9 binaries/main.o
 *fill*         0x0000000000112629        0x3 
 .rodata.str1.4
                0x000000000011262c       0x23 binaries/meminit.o
 .rodata.str1.1
                0x000000000011264f       0x1b binaries/meminit.o
 .rodata.str1.1
                0x000000000011266a        0xb binaries/minheap.o
                                          0xe (size before relaxing)
 .rodata.str1.1
                0x0000000000112675        0xf binaries/panic.o
 .rodata.str1.1
                0x0000000000112684       0xf1 binaries/printsegaddr.o
 *fill*         0x0000000000112775        0x3 
 .rodata.str1.4
                0x0000000000112778       0x22 binaries/printsegaddr.o
 .rodata.str1.1
                0x000000000011279a       0x1c binaries/ptinit.o
 *fill*         0x00000000001127b6        0x2 
 .rodata.str1.4
                0x00000000001127b8       0x25 binaries/ptsend.o
 .rodata.str1.1
                0x00000000001127dd       0x22 binaries/quark_pdat.o
 .rodata.str1.1
                0x00000000001127ff       0x15 binaries/stacksmashA.o
 .rodata.str1.4
                0x0000000000112814       0x63 binaries/stacktrace.o
 .rodata.str1.1
                0x0000000000112877       0x52 binaries/stacktrace.o
 *fill*         0x00000000001128c9        0x3 
 .rodata.str1.4
                0x00000000001128cc       0x27 binaries/xdone.o
 *fill*         0x00000000001128f3        0xd 
 .rodata        0x0000000000112900       0x81 binaries/ctype_.o
                0x0000000000112900                _ctype_
 .rodata.str1.1
                0x0000000000112981       0x29 binaries/doprnt.o
 *fill*         0x00000000001129aa        0x2 
 .rodata        0x00000000001129ac       0xc4 binaries/doprnt.o
 .rodata        0x0000000000112a70       0x98 binaries/doscan.o
 .rodata.str1.1
                0x0000000000112b08       0x29 binaries/fdoprnt.o
 .rodata        0x0000000000112b08       0x84 binaries/fdoprnt.o
 .rodata        0x0000000000112b8c       0x20 binaries/ttycontrol.o
 .rodata.str1.4
                0x0000000000112bac       0x4c binaries/naminit.o
 .rodata.str1.1
                0x0000000000112bf8       0x32 binaries/naminit.o
                                         0x35 (size before relaxing)
 .rodata.str1.1
                0x0000000000112c2a       0x15 binaries/ethinit.o
 *fill*         0x0000000000112c3f        0x1 
 .rodata.str1.4
                0x0000000000112c40       0x2e binaries/ethinit.o
 *fill*         0x0000000000112c6e        0x2 
 .rodata.str1.4
                0x0000000000112c70       0x2c binaries/rdsbufalloc.o
 .rodata.str1.4
                0x0000000000112c9c       0x76 binaries/rdscomm.o
 *fill*         0x0000000000112d12        0x2 
 .rodata.str1.4
                0x0000000000112d14       0x48 binaries/rdscontrol.o
 .rodata.str1.4
                0x0000000000112d5c       0x7e binaries/rdsinit.o
 .rodata.str1.1
                0x0000000000112dda       0x18 binaries/rdsinit.o
 *fill*         0x0000000000112df2        0x2 
 .rodata.str1.4
                0x0000000000112df4       0x22 binaries/rdsopen.o
 *fill*         0x0000000000112e16        0x2 
 .rodata.str1.4
                0x0000000000112e18       0x4d binaries/rdsprocess.o
 .rodata.str1.1
                0x0000000000112e65        0x9 binaries/raminit.o
 .rodata.str1.1
                0x0000000000112e6e       0x13 binaries/lfdballoc.o
 *fill*         0x0000000000112e81        0x3 
 .rodata.str1.4
                0x0000000000112e84       0x23 binaries/lfdballoc.o
 .rodata.str1.1
                0x0000000000112ea7       0x14 binaries/lfiballoc.o
 *fill*         0x0000000000112ebb        0x1 
 .rodata.str1.4
                0x0000000000112ebc       0x23 binaries/lflcontrol.o
 .rodata.str1.1
                0x0000000000112edf       0x64 binaries/lfsckfmt.o
 *fill*         0x0000000000112f43        0x1 
 .rodata.str1.4
                0x0000000000112f44       0x51 binaries/lfsckfmt.o
 *fill*         0x0000000000112f95        0x3 
 .rodata.str1.4
                0x0000000000112f98       0x21 binaries/rflread.o
 .rodata.str1.4
                0x0000000000112fb9       0x21 binaries/rflwrite.o
 *fill*         0x0000000000112fb9        0x3 
 .rodata.str1.4
                0x0000000000112fbc       0x75 binaries/rfscomm.o
 *fill*         0x0000000000113031        0x3 
 .rodata.str1.4
                0x0000000000113034       0x23 binaries/rfscontrol.o
 *fill*         0x0000000000113057        0x1 
 .rodata        0x0000000000113058       0x18 binaries/rfscontrol.o
 .rodata.str1.1
                0x0000000000113070       0x10 binaries/rfsinit.o
 .rodata.str1.4
                0x0000000000113070       0x57 binaries/rfsinit.o
 *fill*         0x00000000001130c7        0x1 
 .rodata.str1.4
                0x00000000001130c8       0x2a binaries/rfsndmsg.o
 .rodata.str1.4
                0x00000000001130f2       0x22 binaries/rfsopen.o
 .rodata.str1.1
                0x00000000001130f2       0x19 binaries/arp.o
 *fill*         0x000000000011310b        0x1 
 .rodata.str1.4
                0x000000000011310c       0x21 binaries/arp.o
 *fill*         0x000000000011312d        0x3 
 .rodata.str1.4
                0x0000000000113130       0xa6 binaries/dhcp.o
 .rodata.str1.1
                0x00000000001131d6       0x4a binaries/dhcp.o
 .rodata.str1.1
                0x0000000000113220       0x5a binaries/hexdump.o
                                         0x61 (size before relaxing)
 *fill*         0x000000000011327a        0x2 
 .rodata.str1.4
                0x000000000011327c       0x67 binaries/hexdump.o
 *fill*         0x00000000001132e3        0x1 
 .rodata.str1.4
                0x00000000001132e4       0x29 binaries/icmp.o
 .rodata.str1.1
                0x000000000011330d       0x4e binaries/ip.o
 *fill*         0x000000000011335b        0x1 
 .rodata.str1.4
                0x000000000011335c       0x20 binaries/ip.o
 .rodata.str1.4
                0x000000000011337c       0x28 binaries/net.o
 .rodata.str1.1
                0x00000000001133a4       0x27 binaries/net.o
 *fill*         0x00000000001133cb        0x1 
 .rodata.str1.4
                0x00000000001133cc       0xcf binaries/netstart.o
 .rodata.str1.1
                0x000000000011349b      0x141 binaries/pdump.o
                                        0x14b (size before relaxing)
 .rodata.str1.4
                0x00000000001135dc      0x126 binaries/pdump.o
 *fill*         0x0000000000113702        0x2 
 .rodata.str1.4
                0x0000000000113704      0x148 binaries/tftp.o
 .rodata.str1.1
                0x000000000011384c        0x6 binaries/tftp.o
                                          0xa (size before relaxing)
 .rodata.str1.1
                0x0000000000113852       0xea binaries/shell.o
                                        0x106 (size before relaxing)
 .rodata.str1.4
                0x000000000011393c      0x1c4 binaries/shell.o
 .rodata        0x0000000000113b00      0x108 binaries/shell.o
                0x0000000000113b00                cmdtab
 .rodata.str1.1
                0x0000000000113c08       0x26 binaries/xsh_argecho.o
                                         0x28 (size before relaxing)
 .rodata.str1.1
                0x0000000000113c2e       0x70 binaries/xsh_arp.o
                                         0x72 (size before relaxing)
 *fill*         0x0000000000113c9e        0x2 
 .rodata.str1.4
                0x0000000000113ca0       0xb4 binaries/xsh_arp.o
 .rodata.str1.1
                0x0000000000113d54       0x2d binaries/xsh_cat.o
                                         0x4f (size before relaxing)
 *fill*         0x0000000000113d81        0x3 
 .rodata.str1.4
                0x0000000000113d84       0x52 binaries/xsh_cat.o
                                         0x79 (size before relaxing)
 .rodata.str1.1
                0x0000000000113dd6       0x15 binaries/xsh_clear.o
 .rodata.str1.1
                0x0000000000113deb       0x46 binaries/xsh_date.o
                                         0x5f (size before relaxing)
 *fill*         0x0000000000113e31        0x3 
 .rodata.str1.4
                0x0000000000113e34      0x163 binaries/xsh_date.o
 .rodata.str1.1
                0x0000000000113f97       0x5d binaries/xsh_devdump.o
 .rodata.str1.1
                0x0000000000113ff4        0x4 binaries/xsh_echo.o
                                          0x9 (size before relaxing)
 .rodata.str1.1
                0x0000000000113ff8       0x65 binaries/xsh_help.o
                                         0xa3 (size before relaxing)
 *fill*         0x000000000011405d        0x3 
 .rodata.str1.4
                0x0000000000114060       0x7c binaries/xsh_help.o
                                         0xc6 (size before relaxing)
 .rodata.str1.1
                0x00000000001140dc       0x9c binaries/xsh_ipaddr.o
                                         0xf8 (size before relaxing)
 .rodata.str1.4
                0x0000000000114178       0x4d binaries/xsh_ipaddr.o
                                         0x99 (size before relaxing)
 .rodata.str1.1
                0x00000000001141c5       0x78 binaries/xsh_kill.o
                                         0x97 (size before relaxing)
 *fill*         0x000000000011423d        0x3 
 .rodata.str1.4
                0x0000000000114240       0x4a binaries/xsh_kill.o
                                         0x96 (size before relaxing)
 .rodata.str1.1
                0x000000000011428a       0x84 binaries/xsh_memdump.o
                                         0xa8 (size before relaxing)
 *fill*         0x000000000011430e        0x2 
 .rodata.str1.4
                0x0000000000114310      0x15a binaries/xsh_memdump.o
                                        0x1aa (size before relaxing)
 .rodata.str1.1
                0x000000000011446a       0x40 binaries/xsh_memstat.o
                                         0x79 (size before relaxing)
 *fill*         0x00000000001144aa        0x2 
 .rodata.str1.4
                0x00000000001144ac      0x187 binaries/xsh_memstat.o
                                        0x1af (size before relaxing)
 .rodata.str1.1
                0x0000000000114633       0x1d binaries/xsh_pcount.o
                                         0x5e (size before relaxing)
 .rodata.str1.4
                0x0000000000114650       0x26 binaries/xsh_pcount.o
                                         0x76 (size before relaxing)
 .rodata.str1.1
                0x0000000000114676       0x90 binaries/xsh_ping.o
                                         0xaf (size before relaxing)
 *fill*         0x0000000000114706        0x2 
 .rodata.str1.4
                0x0000000000114708       0x77 binaries/xsh_ping.o
                                         0xc6 (size before relaxing)
 .rodata.str1.1
                0x000000000011477f       0x74 binaries/xsh_ps.o
                                         0xd5 (size before relaxing)
 *fill*         0x00000000001147f3        0x1 
 .rodata.str1.4
                0x00000000001147f4       0x80 binaries/xsh_ps.o
                                         0xd0 (size before relaxing)
 *fill*         0x0000000000114874        0xc 
 .rodata        0x0000000000114880       0x20 binaries/xsh_ps.o
 .rodata.str1.1
                0x00000000001148a0       0x31 binaries/xsh_sleep.o
                                         0x72 (size before relaxing)
 *fill*         0x00000000001148d1        0x3 
 .rodata.str1.4
                0x00000000001148d4       0x2a binaries/xsh_sleep.o
                                         0x7a (size before relaxing)
 .rodata.str1.1
                0x00000000001148fe       0x6b binaries/xsh_udpdump.o
                                         0xd2 (size before relaxing)
 *fill*         0x0000000000114969        0x3 
 .rodata.str1.4
                0x000000000011496c       0x94 binaries/xsh_udpdump.o
                                         0xe4 (size before relaxing)
 .rodata.str1.1
                0x0000000000114a00       0xdb binaries/xsh_udpecho.o
                                         0xfa (size before relaxing)
 *fill*         0x0000000000114adb        0x1 
 .rodata.str1.4
                0x0000000000114adc       0xc7 binaries/xsh_udpecho.o
                                        0x116 (size before relaxing)
 .rodata.str1.1
                0x0000000000114ba3       0x66 binaries/xsh_udpeserver.o
                                         0x8f (size before relaxing)
 *fill*         0x0000000000114c09        0x3 
 .rodata.str1.4
                0x0000000000114c0c       0x29 binaries/xsh_udpeserver.o
                                         0x9f (size before relaxing)
 .rodata.str1.1
                0x0000000000114c35       0x49 binaries/xsh_uptime.o
                                         0x8c (size before relaxing)
 *fill*         0x0000000000114c7e        0x2 
 .rodata.str1.4
                0x0000000000114c80       0x28 binaries/xsh_uptime.o
                                         0x76 (size before relaxing)
                0x0000000000114ca8                etext = ABSOLUTE (.)
                0x0000000000115000                . = ALIGN (0x1000)
 *fill*         0x0000000000114ca8      0x358 

.eh_frame       0x0000000000115000     0x3344
 .eh_frame      0x0000000000115000       0x48 binaries/ascdate.o
 .eh_frame      0x0000000000115048       0x20 binaries/bufinit.o
                                         0x38 (size before relaxing)
 .eh_frame      0x0000000000115068       0x28 binaries/chprio.o
                                         0x40 (size before relaxing)
 .eh_frame      0x0000000000115090       0x40 binaries/clkhandler.o
                                         0x58 (size before relaxing)
 .eh_frame      0x00000000001150d0       0x20 binaries/clkinit.o
                                         0x38 (size before relaxing)
 .eh_frame      0x00000000001150f0       0x28 binaries/close.o
                                         0x40 (size before relaxing)
 .eh_frame      0x0000000000115118       0x28 binaries/control.o
                                         0x40 (size before relaxing)
 .eh_frame      0x0000000000115140       0x24 binaries/cpubnd.o
                                         0x3c (size before relaxing)
 .eh_frame      0x0000000000115164       0x30 binaries/create.o
                                         0x48 (size before relaxing)
 .eh_frame      0x0000000000115194       0x94 binaries/early_imr.o
                                         0xac (size before relaxing)
 .eh_frame      0x0000000000115228       0x94 binaries/evec.o
                                         0xac (size before relaxing)
 .eh_frame      0x00000000001152bc       0x2c binaries/freebuf.o
                                         0x44 (size before relaxing)
 .eh_frame      0x00000000001152e8       0x2c binaries/freemem.o
                                         0x44 (size before relaxing)
 .eh_frame      0x0000000000115314       0x2c binaries/getbuf.o
                                         0x44 (size before relaxing)
 .eh_frame      0x0000000000115340       0x28 binaries/getc.o
                                         0x40 (size before relaxing)
 .eh_frame      0x0000000000115368       0x2c binaries/getdev.o
                                         0x44 (size before relaxing)
 .eh_frame      0x0000000000115394       0x64 binaries/getitem.o
                                         0x7c (size before relaxing)
 .eh_frame      0x00000000001153f8       0x28 binaries/getmem.o
                                         0x40 (size before relaxing)
 .eh_frame      0x0000000000115420       0x20 binaries/getpid.o
                                         0x38 (size before relaxing)
 .eh_frame      0x0000000000115440       0x24 binaries/getprio.o
                                         0x3c (size before relaxing)
 .eh_frame      0x0000000000115464       0x2c binaries/getstk.o
                                         0x44 (size before relaxing)
 .eh_frame      0x0000000000115490       0x20 binaries/gettime.o
                                         0x38 (size before relaxing)
 .eh_frame      0x00000000001154b0       0x24 binaries/getutime.o
                                         0x3c (size before relaxing)
 .eh_frame      0x00000000001154d4       0x28 binaries/init.o
                                         0x40 (size before relaxing)
 .eh_frame      0x00000000001154fc       0x5c binaries/initialize.o
                                         0x74 (size before relaxing)
 .eh_frame      0x0000000000115558       0x2c binaries/insert.o
                                         0x44 (size before relaxing)
 .eh_frame      0x0000000000115584       0x2c binaries/insertd.o
                                         0x44 (size before relaxing)
 .eh_frame      0x00000000001155b0       0x28 binaries/iobnd.o
                                         0x40 (size before relaxing)
 .eh_frame      0x00000000001155d8       0x20 binaries/ioerr.o
                                         0x38 (size before relaxing)
 .eh_frame      0x00000000001155f8       0x20 binaries/ionull.o
                                         0x38 (size before relaxing)
 .eh_frame      0x0000000000115618       0x30 binaries/kill.o
                                         0x48 (size before relaxing)
 .eh_frame      0x0000000000115648       0x80 binaries/kprintf.o
                                         0x98 (size before relaxing)
 .eh_frame      0x00000000001156c8       0x40 binaries/lab1.o
                                         0x58 (size before relaxing)
 .eh_frame      0x0000000000115708       0x70 binaries/lab2.o
                                         0x88 (size before relaxing)
 .eh_frame      0x0000000000115778       0x28 binaries/lab4.o
                                         0x40 (size before relaxing)
 .eh_frame      0x00000000001157a0       0x30 binaries/main.o
                                         0x48 (size before relaxing)
 .eh_frame      0x00000000001157d0       0x44 binaries/mark.o
                                         0x5c (size before relaxing)
 .eh_frame      0x0000000000115814       0x50 binaries/meminit.o
                                         0x68 (size before relaxing)
 .eh_frame      0x0000000000115864      0x14c binaries/minheap.o
                                        0x164 (size before relaxing)
 .eh_frame      0x00000000001159b0       0x30 binaries/mkbufpool.o
                                         0x48 (size before relaxing)
 .eh_frame      0x00000000001159e0       0x20 binaries/net2hostlasm.o
                                         0x38 (size before relaxing)
 .eh_frame      0x0000000000115a00       0x20 binaries/newqueue.o
                                         0x38 (size before relaxing)
 .eh_frame      0x0000000000115a20       0x28 binaries/open.o
                                         0x40 (size before relaxing)
 .eh_frame      0x0000000000115a48       0x1c binaries/panic.o
                                         0x34 (size before relaxing)
 .eh_frame      0x0000000000115a64      0x12c binaries/pci.o
                                        0x144 (size before relaxing)
 .eh_frame      0x0000000000115b90       0x20 binaries/platinit.o
                                         0x38 (size before relaxing)
 .eh_frame      0x0000000000115bb0       0x20 binaries/printsegaddr.o
                                         0x38 (size before relaxing)
 .eh_frame      0x0000000000115bd0       0x2c binaries/ptclear.o
                                         0x44 (size before relaxing)
 .eh_frame      0x0000000000115bfc       0x2c binaries/ptcount.o
                                         0x44 (size before relaxing)
 .eh_frame      0x0000000000115c28       0x2c binaries/ptcreate.o
                                         0x44 (size before relaxing)
 .eh_frame      0x0000000000115c54       0x28 binaries/ptdelete.o
                                         0x40 (size before relaxing)
 .eh_frame      0x0000000000115c7c       0x28 binaries/ptinit.o
                                         0x40 (size before relaxing)
 .eh_frame      0x0000000000115ca4       0x2c binaries/ptrecv.o
                                         0x44 (size before relaxing)
 .eh_frame      0x0000000000115cd0       0x28 binaries/ptreset.o
                                         0x40 (size before relaxing)
 .eh_frame      0x0000000000115cf8       0x30 binaries/ptsend.o
                                         0x48 (size before relaxing)
 .eh_frame      0x0000000000115d28       0x2c binaries/putc.o
                                         0x44 (size before relaxing)
 .eh_frame      0x0000000000115d54       0x24 binaries/quark_irq.o
                                         0x3c (size before relaxing)
 .eh_frame      0x0000000000115d78       0x54 binaries/quark_pdat.o
                                         0x6c (size before relaxing)
 .eh_frame      0x0000000000115dcc       0x44 binaries/queue.o
                                         0x5c (size before relaxing)
 .eh_frame      0x0000000000115e10       0x30 binaries/rcreate.o
                                         0x48 (size before relaxing)
 .eh_frame      0x0000000000115e40       0x28 binaries/read.o
                                         0x40 (size before relaxing)
 .eh_frame      0x0000000000115e68       0x20 binaries/ready.o
                                         0x38 (size before relaxing)
 .eh_frame      0x0000000000115e88       0x28 binaries/receive.o
                                         0x40 (size before relaxing)
 .eh_frame      0x0000000000115eb0       0x24 binaries/recvclr.o
                                         0x3c (size before relaxing)
 .eh_frame      0x0000000000115ed4       0x2c binaries/recvtime.o
                                         0x44 (size before relaxing)
 .eh_frame      0x0000000000115f00       0x48 binaries/resched.o
                                         0x60 (size before relaxing)
 .eh_frame      0x0000000000115f48       0x2c binaries/resume.o
                                         0x44 (size before relaxing)
 .eh_frame      0x0000000000115f74       0x28 binaries/seek.o
                                         0x40 (size before relaxing)
 .eh_frame      0x0000000000115f9c       0x24 binaries/semcount.o
                                         0x3c (size before relaxing)
 .eh_frame      0x0000000000115fc0       0x2c binaries/semcreate.o
                                         0x44 (size before relaxing)
 .eh_frame      0x0000000000115fec       0x2c binaries/semdelete.o
                                         0x44 (size before relaxing)
 .eh_frame      0x0000000000116018       0x2c binaries/semreset.o
                                         0x44 (size before relaxing)
 .eh_frame      0x0000000000116044       0x28 binaries/send.o
                                         0x40 (size before relaxing)
 .eh_frame      0x000000000011606c       0x28 binaries/signal.o
                                         0x40 (size before relaxing)
 .eh_frame      0x0000000000116094       0x2c binaries/signaln.o
                                         0x44 (size before relaxing)
 .eh_frame      0x00000000001160c0       0x48 binaries/sleep.o
                                         0x60 (size before relaxing)
 .eh_frame      0x0000000000116108       0x6c binaries/stacksmashA.o
                                         0x84 (size before relaxing)
 .eh_frame      0x0000000000116174       0x20 binaries/stacksmashV.o
                                         0x38 (size before relaxing)
 .eh_frame      0x0000000000116194       0x30 binaries/stacktrace.o
                                         0x48 (size before relaxing)
 .eh_frame      0x00000000001161c4       0x28 binaries/suspend.o
                                         0x40 (size before relaxing)
 .eh_frame      0x00000000001161ec       0x28 binaries/unsleep.o
                                         0x40 (size before relaxing)
 .eh_frame      0x0000000000116214       0x20 binaries/userret.o
                                         0x38 (size before relaxing)
 .eh_frame      0x0000000000116234       0x28 binaries/wait.o
                                         0x40 (size before relaxing)
 .eh_frame      0x000000000011625c       0x20 binaries/wakeup.o
                                         0x38 (size before relaxing)
 .eh_frame      0x000000000011627c       0x28 binaries/write.o
                                         0x40 (size before relaxing)
 .eh_frame      0x00000000001162a4       0x20 binaries/xdone.o
                                         0x38 (size before relaxing)
 .eh_frame      0x00000000001162c4       0x24 binaries/yield.o
                                         0x3c (size before relaxing)
 .eh_frame      0x00000000001162e8       0x20 binaries/abs.o
                                         0x38 (size before relaxing)
 .eh_frame      0x0000000000116308       0x28 binaries/atoi.o
                                         0x40 (size before relaxing)
 .eh_frame      0x0000000000116330       0x28 binaries/atol.o
                                         0x40 (size before relaxing)
 .eh_frame      0x0000000000116358       0x20 binaries/bzero.o
                                         0x38 (size before relaxing)
 .eh_frame      0x0000000000116378       0xac binaries/doprnt.o
                                         0xc4 (size before relaxing)
 .eh_frame      0x0000000000116424       0x30 binaries/doscan.o
                                         0x48 (size before relaxing)
 .eh_frame      0x0000000000116454       0x5c binaries/fdoprnt.o
                                         0x74 (size before relaxing)
 .eh_frame      0x00000000001164b0       0x20 binaries/fgetc.o
                                         0x38 (size before relaxing)
 .eh_frame      0x00000000001164d0       0x2c binaries/fgets.o
                                         0x44 (size before relaxing)
 .eh_frame      0x00000000001164fc       0x20 binaries/fprintf.o
                                         0x38 (size before relaxing)
 .eh_frame      0x000000000011651c       0x20 binaries/fputc.o
                                         0x38 (size before relaxing)
 .eh_frame      0x000000000011653c       0x28 binaries/fputs.o
                                         0x40 (size before relaxing)
 .eh_frame      0x0000000000116564       0x64 binaries/fscanf.o
                                         0x7c (size before relaxing)
 .eh_frame      0x00000000001165c8       0x20 binaries/getchar.o
                                         0x38 (size before relaxing)
 .eh_frame      0x00000000001165e8       0x20 binaries/labs.o
                                         0x38 (size before relaxing)
 .eh_frame      0x0000000000116608       0x20 binaries/memchr.o
                                         0x38 (size before relaxing)
 .eh_frame      0x0000000000116628       0x28 binaries/memcmp.o
                                         0x40 (size before relaxing)
 .eh_frame      0x0000000000116650       0x28 binaries/memcpy.o
                                         0x40 (size before relaxing)
 .eh_frame      0x0000000000116678       0x24 binaries/memset.o
                                         0x3c (size before relaxing)
 .eh_frame      0x000000000011669c       0x20 binaries/printf.o
                                         0x38 (size before relaxing)
 .eh_frame      0x00000000001166bc       0x20 binaries/putchar.o
                                         0x38 (size before relaxing)
 .eh_frame      0x00000000001166dc       0xa4 binaries/qsort.o
                                         0xbc (size before relaxing)
 .eh_frame      0x0000000000116780       0x40 binaries/rand.o
                                         0x58 (size before relaxing)
 .eh_frame      0x00000000001167c0       0x48 binaries/sprintf.o
                                         0x60 (size before relaxing)
 .eh_frame      0x0000000000116808       0x60 binaries/sscanf.o
                                         0x78 (size before relaxing)
 .eh_frame      0x0000000000116868       0x24 binaries/strchr.o
                                         0x3c (size before relaxing)
 .eh_frame      0x000000000011688c       0x24 binaries/strcmp.o
                                         0x3c (size before relaxing)
 .eh_frame      0x00000000001168b0       0x20 binaries/strcpy.o
                                         0x38 (size before relaxing)
 .eh_frame      0x00000000001168d0       0x20 binaries/strlen.o
                                         0x38 (size before relaxing)
 .eh_frame      0x00000000001168f0       0x2c binaries/strncat.o
                                         0x44 (size before relaxing)
 .eh_frame      0x000000000011691c       0x24 binaries/strncmp.o
                                         0x3c (size before relaxing)
 .eh_frame      0x0000000000116940       0x2c binaries/strncpy.o
                                         0x44 (size before relaxing)
 .eh_frame      0x000000000011696c       0x24 binaries/strnlen.o
                                         0x3c (size before relaxing)
 .eh_frame      0x0000000000116990       0x24 binaries/strrchr.o
                                         0x3c (size before relaxing)
 .eh_frame      0x00000000001169b4       0x2c binaries/strstr.o
                                         0x44 (size before relaxing)
 .eh_frame      0x00000000001169e0       0x30 binaries/ttycontrol.o
                                         0x48 (size before relaxing)
 .eh_frame      0x0000000000116a10       0x2c binaries/ttygetc.o
                                         0x44 (size before relaxing)
 .eh_frame      0x0000000000116a3c       0x84 binaries/ttyhandle_in.o
                                         0x9c (size before relaxing)
 .eh_frame      0x0000000000116ac0       0x30 binaries/ttyhandle_out.o
                                         0x48 (size before relaxing)
 .eh_frame      0x0000000000116af0       0x28 binaries/ttyhandler.o
                                         0x40 (size before relaxing)
 .eh_frame      0x0000000000116b18       0x30 binaries/ttyinit.o
                                         0x48 (size before relaxing)
 .eh_frame      0x0000000000116b48       0x20 binaries/ttykickout.o
                                         0x38 (size before relaxing)
 .eh_frame      0x0000000000116b68       0x2c binaries/ttyputc.o
                                         0x44 (size before relaxing)
 .eh_frame      0x0000000000116b94       0x2c binaries/ttyread.o
                                         0x44 (size before relaxing)
 .eh_frame      0x0000000000116bc0       0x2c binaries/ttywrite.o
                                         0x44 (size before relaxing)
 .eh_frame      0x0000000000116bec       0x4c binaries/mount.o
                                         0x64 (size before relaxing)
 .eh_frame      0x0000000000116c38       0x30 binaries/naminit.o
                                         0x48 (size before relaxing)
 .eh_frame      0x0000000000116c68       0x84 binaries/nammap.o
                                         0x9c (size before relaxing)
 .eh_frame      0x0000000000116cec       0x20 binaries/namopen.o
                                         0x38 (size before relaxing)
 .eh_frame      0x0000000000116d0c       0x2c binaries/colon2mac.o
                                         0x44 (size before relaxing)
 .eh_frame      0x0000000000116d38       0x20 binaries/ethcontrol.o
                                         0x38 (size before relaxing)
 .eh_frame      0x0000000000116d58       0x30 binaries/ethhandler.o
                                         0x48 (size before relaxing)
 .eh_frame      0x0000000000116d88       0x98 binaries/ethinit.o
                                         0xb0 (size before relaxing)
 .eh_frame      0x0000000000116e20       0x54 binaries/ethmcast.o
                                         0x6c (size before relaxing)
 .eh_frame      0x0000000000116e74       0x30 binaries/ethread.o
                                         0x48 (size before relaxing)
 .eh_frame      0x0000000000116ea4       0x2c binaries/ethwrite.o
                                         0x44 (size before relaxing)
 .eh_frame      0x0000000000116ed0       0x24 binaries/rdsbufalloc.o
                                         0x3c (size before relaxing)
 .eh_frame      0x0000000000116ef4       0x2c binaries/rdsclose.o
                                         0x44 (size before relaxing)
 .eh_frame      0x0000000000116f20       0x30 binaries/rdscomm.o
                                         0x48 (size before relaxing)
 .eh_frame      0x0000000000116f50       0x30 binaries/rdscontrol.o
                                         0x48 (size before relaxing)
 .eh_frame      0x0000000000116f80       0x30 binaries/rdsinit.o
                                         0x48 (size before relaxing)
 .eh_frame      0x0000000000116fb0       0x30 binaries/rdsopen.o
                                         0x48 (size before relaxing)
 .eh_frame      0x0000000000116fe0       0x20 binaries/rdsprocess.o
                                         0x38 (size before relaxing)
 .eh_frame      0x0000000000117000       0x30 binaries/rdsread.o
                                         0x48 (size before relaxing)
 .eh_frame      0x0000000000117030       0x30 binaries/rdswrite.o
                                         0x48 (size before relaxing)
 .eh_frame      0x0000000000117060       0x20 binaries/ramclose.o
                                         0x38 (size before relaxing)
 .eh_frame      0x0000000000117080       0x20 binaries/raminit.o
                                         0x38 (size before relaxing)
 .eh_frame      0x00000000001170a0       0x20 binaries/ramopen.o
                                         0x38 (size before relaxing)
 .eh_frame      0x00000000001170c0       0x20 binaries/ramread.o
                                         0x38 (size before relaxing)
 .eh_frame      0x00000000001170e0       0x20 binaries/ramwrite.o
                                         0x38 (size before relaxing)
 .eh_frame      0x0000000000117100       0x28 binaries/lfdballoc.o
                                         0x40 (size before relaxing)
 .eh_frame      0x0000000000117128       0x24 binaries/lfdbfree.o
                                         0x3c (size before relaxing)
 .eh_frame      0x000000000011714c       0x24 binaries/lfflush.o
                                         0x3c (size before relaxing)
 .eh_frame      0x0000000000117170       0x20 binaries/lfgetmode.o
                                         0x38 (size before relaxing)
 .eh_frame      0x0000000000117190       0x24 binaries/lfiballoc.o
                                         0x3c (size before relaxing)
 .eh_frame      0x00000000001171b4       0x20 binaries/lfibclear.o
                                         0x38 (size before relaxing)
 .eh_frame      0x00000000001171d4       0x2c binaries/lfibget.o
                                         0x44 (size before relaxing)
 .eh_frame      0x0000000000117200       0x2c binaries/lfibput.o
                                         0x44 (size before relaxing)
 .eh_frame      0x000000000011722c       0x28 binaries/lflclose.o
                                         0x40 (size before relaxing)
 .eh_frame      0x0000000000117254       0x2c binaries/lflcontrol.o
                                         0x44 (size before relaxing)
 .eh_frame      0x0000000000117280       0x2c binaries/lflgetc.o
                                         0x44 (size before relaxing)
 .eh_frame      0x00000000001172ac       0x2c binaries/lflinit.o
                                         0x44 (size before relaxing)
 .eh_frame      0x00000000001172d8       0x30 binaries/lflputc.o
                                         0x48 (size before relaxing)
 .eh_frame      0x0000000000117308       0x2c binaries/lflread.o
                                         0x44 (size before relaxing)
 .eh_frame      0x0000000000117334       0x2c binaries/lflseek.o
                                         0x44 (size before relaxing)
[...]
 .comment       0x000000000000002a       0x2b binaries/xsh_exit.o
 .comment       0x000000000000002a       0x2b binaries/xsh_help.o
 .comment       0x000000000000002a       0x2b binaries/xsh_ipaddr.o
 .comment       0x000000000000002a       0x2b binaries/xsh_kill.o
 .comment       0x000000000000002a       0x2b binaries/xsh_memdump.o
 .comment       0x000000000000002a       0x2b binaries/xsh_memstat.o
 .comment       0x000000000000002a       0x2b binaries/xsh_pcount.o
 .comment       0x000000000000002a       0x2b binaries/xsh_ping.o
 .comment       0x000000000000002a       0x2b binaries/xsh_ps.o
 .comment       0x000000000000002a       0x2b binaries/xsh_sleep.o
 .comment       0x000000000000002a       0x2b binaries/xsh_udpdump.o
 .comment       0x000000000000002a       0x2b binaries/xsh_udpecho.o
 .comment       0x000000000000002a       0x2b binaries/xsh_udpeserver.o
 .comment       0x000000000000002a       0x2b binaries/xsh_uptime.o
 .comment       0x000000000000002a       0x2b binaries/net2hostlgcc.o

.note.GNU-stack
                0x0000000000000000        0x0
 .note.GNU-stack
                0x0000000000000000        0x0 binaries/ascdate.o
 .note.GNU-stack
                0x0000000000000000        0x0 binaries/bufinit.o
 .note.GNU-stack
                0x0000000000000000        0x0 binaries/chprio.o
 .note.GNU-stack
                0x0000000000000000        0x0 binaries/clkhandler.o
 .note.GNU-stack
                0x0000000000000000        0x0 binaries/clkinit.o
 .note.GNU-stack
                0x0000000000000000        0x0 binaries/close.o
 .note.GNU-stack
                0x0000000000000000        0x0 binaries/conf.o
 .note.GNU-stack
                0x0000000000000000        0x0 binaries/control.o
 .note.GNU-stack
                0x0000000000000000        0x0 binaries/cpubnd.o
 .note.GNU-stack
                0x0000000000000000        0x0 binaries/create.o
 .note.GNU-stack
                0x0000000000000000        0x0 binaries/early_imr.o
 .note.GNU-stack
                0x0000000000000000        0x0 binaries/evec.o
 .note.GNU-stack
                0x0000000000000000        0x0 binaries/freebuf.o
 .note.GNU-stack
                0x0000000000000000        0x0 binaries/freemem.o
 .note.GNU-stack
                0x0000000000000000        0x0 binaries/getbuf.o
 .note.GNU-stack
                0x0000000000000000        0x0 binaries/getc.o
 .note.GNU-stack
                0x0000000000000000        0x0 binaries/getdev.o
 .note.GNU-stack
                0x0000000000000000        0x0 binaries/getitem.o
 .note.GNU-stack
                0x0000000000000000        0x0 binaries/getmem.o
 .note.GNU-stack
                0x0000000000000000        0x0 binaries/getpid.o
 .note.GNU-stack
                0x0000000000000000        0x0 binaries/getprio.o
 .note.GNU-stack
                0x0000000000000000        0x0 binaries/getstk.o
 .note.GNU-stack
                0x0000000000000000        0x0 binaries/gettime.o
 .note.GNU-stack
                0x0000000000000000        0x0 binaries/getutime.o
 .note.GNU-stack
                0x0000000000000000        0x0 binaries/init.o
 .note.GNU-stack
                0x0000000000000000        0x0 binaries/initialize.o
 .note.GNU-stack
                0x0000000000000000        0x0 binaries/insert.o
 .note.GNU-stack
                0x0000000000000000        0x0 binaries/insertd.o
 .note.GNU-stack
                0x0000000000000000        0x0 binaries/iobnd.o
 .note.GNU-stack
                0x0000000000000000        0x0 binaries/ioerr.o
 .note.GNU-stack
                0x0000000000000000        0x0 binaries/ionull.o
 .note.GNU-stack
                0x0000000000000000        0x0 binaries/kill.o
 .note.GNU-stack
                0x0000000000000000        0x0 binaries/kprintf.o
 .note.GNU-stack
                0x0000000000000000        0x0 binaries/lab1.o
 .note.GNU-stack
                0x0000000000000000        0x0 binaries/lab2.o
 .note.GNU-stack
                0x0000000000000000        0x0 binaries/lab4.o
 .note.GNU-stack
                0x0000000000000000        0x0 binaries/main.o
 .note.GNU-stack
                0x0000000000000000        0x0 binaries/mark.o
 .note.GNU-stack
                0x0000000000000000        0x0 binaries/meminit.o
 .note.GNU-stack
                0x0000000000000000        0x0 binaries/minheap.o
 .note.GNU-stack
                0x0000000000000000        0x0 binaries/mkbufpool.o
 .note.GNU-stack
                0x0000000000000000        0x0 binaries/net2hostlasm.o
 .note.GNU-stack
                0x0000000000000000        0x0 binaries/newqueue.o
 .note.GNU-stack
                0x0000000000000000        0x0 binaries/open.o
 .note.GNU-stack
                0x0000000000000000        0x0 binaries/panic.o
 .note.GNU-stack
                0x0000000000000000        0x0 binaries/pci.o
 .note.GNU-stack
                0x0000000000000000        0x0 binaries/platinit.o
 .note.GNU-stack
                0x0000000000000000        0x0 binaries/printsegaddr.o
 .note.GNU-stack
                0x0000000000000000        0x0 binaries/ptclear.o
 .note.GNU-stack
                0x0000000000000000        0x0 binaries/ptcount.o
 .note.GNU-stack
                0x0000000000000000        0x0 binaries/ptcreate.o
 .note.GNU-stack
                0x0000000000000000        0x0 binaries/ptdelete.o
 .note.GNU-stack
                0x0000000000000000        0x0 binaries/ptinit.o
 .note.GNU-stack
                0x0000000000000000        0x0 binaries/ptrecv.o
 .note.GNU-stack
                0x0000000000000000        0x0 binaries/ptreset.o
 .note.GNU-stack
                0x0000000000000000        0x0 binaries/ptsend.o
 .note.GNU-stack
                0x0000000000000000        0x0 binaries/putc.o
 .note.GNU-stack
                0x0000000000000000        0x0 binaries/quark_irq.o
 .note.GNU-stack
                0x0000000000000000        0x0 binaries/quark_pdat.o
 .note.GNU-stack
                0x0000000000000000        0x0 binaries/queue.o
 .note.GNU-stack
                0x0000000000000000        0x0 binaries/rcreate.o
 .note.GNU-stack
                0x0000000000000000        0x0 binaries/read.o
 .note.GNU-stack
                0x0000000000000000        0x0 binaries/ready.o
 .note.GNU-stack
                0x0000000000000000        0x0 binaries/receive.o
 .note.GNU-stack
                0x0000000000000000        0x0 binaries/recvclr.o
 .note.GNU-stack
                0x0000000000000000        0x0 binaries/recvtime.o
 .note.GNU-stack
                0x0000000000000000        0x0 binaries/resched.o
 .note.GNU-stack
                0x0000000000000000        0x0 binaries/resume.o
 .note.GNU-stack
                0x0000000000000000        0x0 binaries/seek.o
 .note.GNU-stack
                0x0000000000000000        0x0 binaries/semcount.o
 .note.GNU-stack
                0x0000000000000000        0x0 binaries/semcreate.o
 .note.GNU-stack
                0x0000000000000000        0x0 binaries/semdelete.o
 .note.GNU-stack
                0x0000000000000000        0x0 binaries/semreset.o
 .note.GNU-stack
                0x0000000000000000        0x0 binaries/send.o
 .note.GNU-stack
                0x0000000000000000        0x0 binaries/signal.o
 .note.GNU-stack
                0x0000000000000000        0x0 binaries/signaln.o
 .note.GNU-stack
                0x0000000000000000        0x0 binaries/sleep.o
 .note.GNU-stack
                0x0000000000000000        0x0 binaries/stacksmashA.o
 .note.GNU-stack
                0x0000000000000000        0x0 binaries/stacksmashV.o
 .note.GNU-stack
                0x0000000000000000        0x0 binaries/stacktrace.o
 .note.GNU-stack
                0x0000000000000000        0x0 binaries/suspend.o
 .note.GNU-stack
                0x0000000000000000        0x0 binaries/unsleep.o
 .note.GNU-stack
                0x0000000000000000        0x0 binaries/userret.o
 .note.GNU-stack
                0x0000000000000000        0x0 binaries/wait.o
 .note.GNU-stack
                0x0000000000000000        0x0 binaries/wakeup.o
 .note.GNU-stack
                0x0000000000000000        0x0 binaries/write.o
 .note.GNU-stack
                0x0000000000000000        0x0 binaries/xdone.o
 .note.GNU-stack
                0x0000000000000000        0x0 binaries/yield.o
 .note.GNU-stack
                0x0000000000000000        0x0 binaries/abs.o
 .note.GNU-stack
                0x0000000000000000        0x0 binaries/atoi.o
 .note.GNU-stack
                0x0000000000000000        0x0 binaries/atol.o
 .note.GNU-stack
                0x0000000000000000        0x0 binaries/bzero.o
 .note.GNU-stack
                0x0000000000000000        0x0 binaries/ctype_.o
 .note.GNU-stack
                0x0000000000000000        0x0 binaries/doprnt.o
 .note.GNU-stack
                0x0000000000000000        0x0 binaries/doscan.o
 .note.GNU-stack
                0x0000000000000000        0x0 binaries/fdoprnt.o
 .note.GNU-stack
                0x0000000000000000        0x0 binaries/fgetc.o
 .note.GNU-stack
                0x0000000000000000        0x0 binaries/fgets.o
 .note.GNU-stack
                0x0000000000000000        0x0 binaries/fprintf.o
 .note.GNU-stack
                0x0000000000000000        0x0 binaries/fputc.o
 .note.GNU-stack
                0x0000000000000000        0x0 binaries/fputs.o
 .note.GNU-stack
                0x0000000000000000        0x0 binaries/fscanf.o
 .note.GNU-stack
                0x0000000000000000        0x0 binaries/getchar.o
 .note.GNU-stack
                0x0000000000000000        0x0 binaries/labs.o
 .note.GNU-stack
                0x0000000000000000        0x0 binaries/memchr.o
 .note.GNU-stack
                0x0000000000000000        0x0 binaries/memcmp.o
 .note.GNU-stack
                0x0000000000000000        0x0 binaries/memcpy.o
 .note.GNU-stack
                0x0000000000000000        0x0 binaries/memset.o
 .note.GNU-stack
                0x0000000000000000        0x0 binaries/printf.o
 .note.GNU-stack
                0x0000000000000000        0x0 binaries/putchar.o
 .note.GNU-stack
                0x0000000000000000        0x0 binaries/qsort.o
 .note.GNU-stack
                0x0000000000000000        0x0 binaries/rand.o
 .note.GNU-stack
                0x0000000000000000        0x0 binaries/sprintf.o
 .note.GNU-stack
                0x0000000000000000        0x0 binaries/sscanf.o
 .note.GNU-stack
                0x0000000000000000        0x0 binaries/strchr.o
 .note.GNU-stack
                0x0000000000000000        0x0 binaries/strcmp.o
 .note.GNU-stack
                0x0000000000000000        0x0 binaries/strcpy.o
 .note.GNU-stack
                0x0000000000000000        0x0 binaries/strlen.o
 .note.GNU-stack
                0x0000000000000000        0x0 binaries/strncat.o
 .note.GNU-stack
                0x0000000000000000        0x0 binaries/strncmp.o
 .note.GNU-stack
                0x0000000000000000        0x0 binaries/strncpy.o
 .note.GNU-stack
                0x0000000000000000        0x0 binaries/strnlen.o
 .note.GNU-stack
                0x0000000000000000        0x0 binaries/strrchr.o
 .note.GNU-stack
                0x0000000000000000        0x0 binaries/strstr.o
 .note.GNU-stack
                0x0000000000000000        0x0 binaries/ttycontrol.o
 .note.GNU-stack
                0x0000000000000000        0x0 binaries/ttygetc.o
 .note.GNU-stack
                0x0000000000000000        0x0 binaries/ttyhandle_in.o
 .note.GNU-stack
                0x0000000000000000        0x0 binaries/ttyhandle_out.o
 .note.GNU-stack
                0x0000000000000000        0x0 binaries/ttyhandler.o
 .note.GNU-stack
                0x0000000000000000        0x0 binaries/ttyinit.o
 .note.GNU-stack
                0x0000000000000000        0x0 binaries/ttykickout.o
 .note.GNU-stack
                0x0000000000000000        0x0 binaries/ttyputc.o
 .note.GNU-stack
                0x0000000000000000        0x0 binaries/ttyread.o
 .note.GNU-stack
                0x0000000000000000        0x0 binaries/ttywrite.o
 .note.GNU-stack
                0x0000000000000000        0x0 binaries/mount.o
 .note.GNU-stack
                0x0000000000000000        0x0 binaries/naminit.o
 .note.GNU-stack
                0x0000000000000000        0x0 binaries/nammap.o
 .note.GNU-stack
                0x0000000000000000        0x0 binaries/namopen.o
 .note.GNU-stack
                0x0000000000000000        0x0 binaries/colon2mac.o
 .note.GNU-stack
                0x0000000000000000        0x0 binaries/ethcontrol.o
 .note.GNU-stack
                0x0000000000000000        0x0 binaries/ethhandler.o
 .note.GNU-stack
                0x0000000000000000        0x0 binaries/ethinit.o
 .note.GNU-stack
                0x0000000000000000        0x0 binaries/ethmcast.o
 .note.GNU-stack
                0x0000000000000000        0x0 binaries/ethread.o
 .note.GNU-stack
                0x0000000000000000        0x0 binaries/ethwrite.o
 .note.GNU-stack
                0x0000000000000000        0x0 binaries/rdsbufalloc.o
 .note.GNU-stack
                0x0000000000000000        0x0 binaries/rdsclose.o
 .note.GNU-stack
                0x0000000000000000        0x0 binaries/rdscomm.o
 .note.GNU-stack
                0x0000000000000000        0x0 binaries/rdscontrol.o
 .note.GNU-stack
                0x0000000000000000        0x0 binaries/rdsinit.o
 .note.GNU-stack
                0x0000000000000000        0x0 binaries/rdsopen.o
 .note.GNU-stack
                0x0000000000000000        0x0 binaries/rdsprocess.o
 .note.GNU-stack
                0x0000000000000000        0x0 binaries/rdsread.o
 .note.GNU-stack
                0x0000000000000000        0x0 binaries/rdswrite.o
 .note.GNU-stack
                0x0000000000000000        0x0 binaries/ramclose.o
 .note.GNU-stack
                0x0000000000000000        0x0 binaries/raminit.o
 .note.GNU-stack
                0x0000000000000000        0x0 binaries/ramopen.o
 .note.GNU-stack
                0x0000000000000000        0x0 binaries/ramread.o
 .note.GNU-stack
                0x0000000000000000        0x0 binaries/ramwrite.o
 .note.GNU-stack
                0x0000000000000000        0x0 binaries/lfdballoc.o
 .note.GNU-stack
                0x0000000000000000        0x0 binaries/lfdbfree.o
 .note.GNU-stack
                0x0000000000000000        0x0 binaries/lfflush.o
 .note.GNU-stack
                0x0000000000000000        0x0 binaries/lfgetmode.o
 .note.GNU-stack
                0x0000000000000000        0x0 binaries/lfiballoc.o
 .note.GNU-stack
                0x0000000000000000        0x0 binaries/lfibclear.o
 .note.GNU-stack
                0x0000000000000000        0x0 binaries/lfibget.o
 .note.GNU-stack
                0x0000000000000000        0x0 binaries/lfibput.o
 .note.GNU-stack
                0x0000000000000000        0x0 binaries/lflclose.o
 .note.GNU-stack
                0x0000000000000000        0x0 binaries/lflcontrol.o
 .note.GNU-stack
                0x0000000000000000        0x0 binaries/lflgetc.o
 .note.GNU-stack
                0x0000000000000000        0x0 binaries/lflinit.o
 .note.GNU-stack
                0x0000000000000000        0x0 binaries/lflputc.o
 .note.GNU-stack
                0x0000000000000000        0x0 binaries/lflread.o
 .note.GNU-stack
                0x0000000000000000        0x0 binaries/lflseek.o
 .note.GNU-stack
                0x0000000000000000        0x0 binaries/lflwrite.o
 .note.GNU-stack
                0x0000000000000000        0x0 binaries/lfsckfmt.o
 .note.GNU-stack
                0x0000000000000000        0x0 binaries/lfscreate.o
 .note.GNU-stack
                0x0000000000000000        0x0 binaries/lfsetup.o
 .note.GNU-stack
                0x0000000000000000        0x0 binaries/lfsinit.o
 .note.GNU-stack
                0x0000000000000000        0x0 binaries/lfsopen.o
 .note.GNU-stack
                0x0000000000000000        0x0 binaries/lftruncate.o
 .note.GNU-stack
                0x0000000000000000        0x0 binaries/rflclose.o
 .note.GNU-stack
                0x0000000000000000        0x0 binaries/rflgetc.o
 .note.GNU-stack
                0x0000000000000000        0x0 binaries/rflinit.o
 .note.GNU-stack
                0x0000000000000000        0x0 binaries/rflputc.o
 .note.GNU-stack
                0x0000000000000000        0x0 binaries/rflread.o
 .note.GNU-stack
                0x0000000000000000        0x0 binaries/rflseek.o
 .note.GNU-stack
                0x0000000000000000        0x0 binaries/rflwrite.o
 .note.GNU-stack
                0x0000000000000000        0x0 binaries/rfscomm.o
 .note.GNU-stack
                0x0000000000000000        0x0 binaries/rfscontrol.o
 .note.GNU-stack
                0x0000000000000000        0x0 binaries/rfsgetmode.o
 .note.GNU-stack
                0x0000000000000000        0x0 binaries/rfsinit.o
 .note.GNU-stack
                0x0000000000000000        0x0 binaries/rfsndmsg.o
 .note.GNU-stack
                0x0000000000000000        0x0 binaries/rfsopen.o
 .note.GNU-stack
                0x0000000000000000        0x0 binaries/arp.o
 .note.GNU-stack
                0x0000000000000000        0x0 binaries/dhcp.o
 .note.GNU-stack
                0x0000000000000000        0x0 binaries/dot2ip.o
 .note.GNU-stack
                0x0000000000000000        0x0 binaries/hexdump.o
 .note.GNU-stack
                0x0000000000000000        0x0 binaries/icmp.o
 .note.GNU-stack
                0x0000000000000000        0x0 binaries/ip.o
 .note.GNU-stack
                0x0000000000000000        0x0 binaries/net.o
 .note.GNU-stack
                0x0000000000000000        0x0 binaries/netstart.o
 .note.GNU-stack
                0x0000000000000000        0x0 binaries/pdump.o
 .note.GNU-stack
                0x0000000000000000        0x0 binaries/tftp.o
 .note.GNU-stack
                0x0000000000000000        0x0 binaries/udp.o
 .note.GNU-stack
                0x0000000000000000        0x0 binaries/addargs.o
 .note.GNU-stack
                0x0000000000000000        0x0 binaries/lexan.o
 .note.GNU-stack
                0x0000000000000000        0x0 binaries/shell.o
 .note.GNU-stack
                0x0000000000000000        0x0 binaries/xsh_argecho.o
 .note.GNU-stack
                0x0000000000000000        0x0 binaries/xsh_arp.o
 .note.GNU-stack
                0x0000000000000000        0x0 binaries/xsh_cat.o
 .note.GNU-stack
                0x0000000000000000        0x0 binaries/xsh_clear.o
 .note.GNU-stack
                0x0000000000000000        0x0 binaries/xsh_date.o
 .note.GNU-stack
                0x0000000000000000        0x0 binaries/xsh_devdump.o
 .note.GNU-stack
                0x0000000000000000        0x0 binaries/xsh_echo.o
 .note.GNU-stack
                0x0000000000000000        0x0 binaries/xsh_exit.o
 .note.GNU-stack
                0x0000000000000000        0x0 binaries/xsh_help.o
 .note.GNU-stack
                0x0000000000000000        0x0 binaries/xsh_ipaddr.o
 .note.GNU-stack
                0x0000000000000000        0x0 binaries/xsh_kill.o
 .note.GNU-stack
                0x0000000000000000        0x0 binaries/xsh_memdump.o
 .note.GNU-stack
                0x0000000000000000        0x0 binaries/xsh_memstat.o
 .note.GNU-stack
                0x0000000000000000        0x0 binaries/xsh_pcount.o
 .note.GNU-stack
                0x0000000000000000        0x0 binaries/xsh_ping.o
 .note.GNU-stack
                0x0000000000000000        0x0 binaries/xsh_ps.o
 .note.GNU-stack
                0x0000000000000000        0x0 binaries/xsh_sleep.o
 .note.GNU-stack
                0x0000000000000000        0x0 binaries/xsh_udpdump.o
 .note.GNU-stack
                0x0000000000000000        0x0 binaries/xsh_udpecho.o
 .note.GNU-stack
                0x0000000000000000        0x0 binaries/xsh_udpeserver.o
 .note.GNU-stack
                0x0000000000000000        0x0 binaries/xsh_uptime.o
 .note.GNU-stack
                0x0000000000000000        0x0 binaries/net2hostlgcc.o
