
Allocating common symbols
Common symbol       size              file

netbufpool          0x4               binaries/net.o
readylist           0x2               binaries/ready.o
rfltab              0x5a0             binaries/rflinit.o
sleepq              0x2               binaries/clkinit.o
nnames              0x4               binaries/naminit.o
udptab              0x168             binaries/udp.o
minheap             0x4               binaries/meminit.o
marks               0x50              binaries/mark.o
currpid             0x4               binaries/initialize.o
Lf_data             0x20c             binaries/lfsinit.o
porttab             0x2d0             binaries/ptinit.o
girmask             0x2               binaries/evec.o
ttytab              0x10c             binaries/ttyinit.o
proctab             0x1900            binaries/initialize.o
prcount             0x4               binaries/initialize.o
lfltab              0xf00             binaries/lflinit.o
rdstab              0x8c              binaries/rdsinit.o
ethertab            0x138             binaries/ethinit.o
NetData             0xa8              binaries/net.o
nmarks              0x4               binaries/mark.o
Defer               0x8               binaries/resched.o
semtab              0x4b0             binaries/initialize.o
maxheap             0x4               binaries/meminit.o
preempt             0x4               binaries/clkinit.o
buftab              0xf0              binaries/bufinit.o
Rf_data             0x18              binaries/rfsinit.o
clktimefine         0x4               binaries/clkinit.o
mkmutex             0x4               binaries/mark.o
victimpid           0x4               binaries/main.o
clktime             0x4               binaries/clkinit.o
arpcache            0x140             binaries/arp.o
icmptab             0x230             binaries/icmp.o
nbpools             0x4               binaries/bufinit.o
queuetab            0x980             binaries/queue.o
ptnextid            0x4               binaries/ptinit.o
Ram                 0x19000           binaries/raminit.o
ipoqueue            0x2c              binaries/ip.o
memlist             0x8               binaries/initialize.o
nametab             0x19a0            binaries/naminit.o
ptfree              0x4               binaries/ptinit.o

Memory Configuration

Name             Origin             Length             Attributes
*default*        0x0000000000000000 0xffffffffffffffff

Linker script and memory map

                0x0000000000100000                physbase = 0x100000
                0x0000000000100000                . = physbase
                0x0000000000100000                . = ALIGN (0x1000)

.text           0x0000000000100000    0x15000
                0x0000000000100000                text = ABSOLUTE (.)
 *(.text .text.*)
 .text          0x0000000000100000      0x1ac binaries/start.o
                0x0000000000100028                start
                0x00000000001000fa                inb
                0x0000000000100102                inw
                0x000000000010010b                inl
                0x0000000000100113                outb
                0x000000000010011d                outw
                0x0000000000100128                outl
                0x0000000000100132                _rtcin
                0x000000000010013d                ___udivsi3
                0x0000000000100148                ___divsi3
                0x0000000000100154                sbzero
                0x0000000000100164                bcopy
                0x0000000000100178                insw
                0x000000000010018e                outsw
                0x00000000001001a4                lidt
 .text          0x00000000001001ac      0x2b9 binaries/ascdate.o
                0x00000000001001ac                ascdate
 .text          0x0000000000100465       0x14 binaries/bufinit.o
                0x0000000000100465                bufinit
 .text          0x0000000000100479       0x62 binaries/chprio.o
                0x0000000000100479                chprio
 .text          0x00000000001004db       0xbc binaries/clkhandler.o
                0x00000000001004db                clkhandler
                0x0000000000100581                timediff
 .text          0x0000000000100597       0x67 binaries/clkinit.o
                0x0000000000100597                clkinit
 .text          0x00000000001005fe       0x56 binaries/close.o
                0x00000000001005fe                close
 .text          0x0000000000100654        0x0 binaries/conf.o
 .text          0x0000000000100654       0x5c binaries/control.o
                0x0000000000100654                control
 .text          0x00000000001006b0       0x6f binaries/cpubnd.o
                0x00000000001006b0                cpubnd
 .text          0x000000000010071f      0x233 binaries/create.o
                0x000000000010071f                create
 .text          0x0000000000100952      0x20e binaries/early_imr.o
                0x0000000000100952                intel_cln_early_sb_read_reg
                0x00000000001009a9                intel_cln_early_sb_write_reg
                0x0000000000100a63                remove_irm_protections
 .text          0x0000000000100b60      0x2e2 binaries/evec.o
                0x0000000000100b60                setirmask
                0x0000000000100b98                set_evec
                0x0000000000100bf3                initevec
                0x0000000000100cc5                trap
 .text          0x0000000000100e42       0x7f binaries/freebuf.o
                0x0000000000100e42                freebuf
 .text          0x0000000000100ec1      0x108 binaries/freemem.o
                0x0000000000100ec1                freemem
 .text          0x0000000000100fc9       0x6e binaries/getbuf.o
                0x0000000000100fc9                getbuf
 .text          0x0000000000101037       0x56 binaries/getc.o
                0x0000000000101037                getc
 .text          0x000000000010108d       0x69 binaries/getdev.o
                0x000000000010108d                getdev
 .text          0x00000000001010f6       0x82 binaries/getitem.o
                0x00000000001010f6                getitem
                0x0000000000101125                getfirst
                0x000000000010114c                getlast
 .text          0x0000000000101178       0xc2 binaries/getmem.o
                0x0000000000101178                getmem
 .text          0x000000000010123a        0xa binaries/getpid.o
                0x000000000010123a                getpid
 .text          0x0000000000101244       0x54 binaries/getprio.o
                0x0000000000101244                getprio
 .text          0x0000000000101298       0xac binaries/getstk.o
                0x0000000000101298                getstk
 .text          0x0000000000101344       0x32 binaries/gettime.o
                0x0000000000101344                gettime
 .text          0x0000000000101376      0x186 binaries/getutime.o
                0x0000000000101376                getutime
 .text          0x00000000001014fc       0x56 binaries/init.o
                0x00000000001014fc                init
 .text          0x0000000000101552      0x23a binaries/initialize.o
                0x0000000000101552                nulluser
                0x0000000000101742                stop
                0x0000000000101766                delay
 .text          0x000000000010178c       0x9a binaries/insert.o
                0x000000000010178c                insert
 .text          0x0000000000101826      0x105 binaries/insertd.o
                0x0000000000101826                insertd
 .text          0x000000000010192b       0x79 binaries/iobnd.o
                0x000000000010192b                iobnd
 .text          0x00000000001019a4        0xa binaries/ioerr.o
                0x00000000001019a4                ioerr
 .text          0x00000000001019ae        0xa binaries/ionull.o
                0x00000000001019ae                ionull
 .text          0x00000000001019b8      0x161 binaries/kill.o
                0x00000000001019b8                kill
 .text          0x0000000000101b19       0xa9 binaries/kprintf.o
                0x0000000000101b19                kputc
                0x0000000000101b4b                console_init
                0x0000000000101b7e                kgetc
                0x0000000000101ba4                kprintf
 .text          0x0000000000101bc2      0x11c binaries/lab1.o
                0x0000000000101bc2                forever0
                0x0000000000101be5                new_proc
 .text          0x0000000000101cde       0x9c binaries/lab2.o
                0x0000000000101cde                func1
                0x0000000000101cfb                app1
                0x0000000000101d4a                looper
 .text          0x0000000000101d7a       0xda binaries/main.o
                0x0000000000101d7a                main
 .text          0x0000000000101e54       0x99 binaries/mark.o
                0x0000000000101e54                markinit
                0x0000000000101e75                mark
 .text          0x0000000000101eed      0x1ff binaries/meminit.o
                0x0000000000101eed                meminit
                0x000000000010207c                setsegs
 .text          0x00000000001020ec      0x122 binaries/mkbufpool.o
                0x00000000001020ec                mkbufpool
 .text          0x000000000010220e       0x3d binaries/net2hostlasm.o
                0x000000000010220e                net2hostlasm
 .text          0x000000000010224b       0x63 binaries/newqueue.o
                0x000000000010224b                newqueue
 .text          0x00000000001022ae       0x5c binaries/open.o
                0x00000000001022ae                open
 .text          0x000000000010230a       0x20 binaries/panic.o
                0x000000000010230a                panic
 .text          0x000000000010232a      0x282 binaries/pci.o
                0x000000000010232a                pci_init
                0x0000000000102334                find_pci_device
                0x00000000001023f3                pci_read_config_byte
                0x0000000000102431                pci_read_config_word
                0x0000000000102471                pci_read_config_dword
                0x00000000001024af                pci_write_config_byte
                0x00000000001024eb                pci_write_config_word
                0x0000000000102528                pci_write_config_dword
                0x0000000000102564                pci_get_dev_mmio_base_addr
 .text          0x00000000001025ac       0x50 binaries/platinit.o
                0x00000000001025ac                platinit
 .text          0x00000000001025fc       0xe4 binaries/printsegaddr.o
                0x00000000001025fc                printsegaddr
 .text          0x00000000001026e0       0xa9 binaries/ptclear.o
                0x00000000001026e0                _ptclear
 .text          0x0000000000102789       0x85 binaries/ptcount.o
                0x0000000000102789                ptcount
 .text          0x000000000010280e       0xfe binaries/ptcreate.o
                0x000000000010280e                ptcreate
 .text          0x000000000010290c       0x63 binaries/ptdelete.o
                0x000000000010290c                ptdelete
 .text          0x000000000010296f       0x91 binaries/ptinit.o
                0x000000000010296f                ptinit
 .text          0x0000000000102a00       0xf5 binaries/ptrecv.o
                0x0000000000102a00                ptrecv
 .text          0x0000000000102af5       0x66 binaries/ptreset.o
                0x0000000000102af5                ptreset
 .text          0x0000000000102b5b      0x115 binaries/ptsend.o
                0x0000000000102b5b                ptsend
 .text          0x0000000000102c70       0x64 binaries/putc.o
                0x0000000000102c70                putc
 .text          0x0000000000102cd4       0xb3 binaries/quark_irq.o
                0x0000000000102cd4                quark_irq_routing
 .text          0x0000000000102d87      0x19a binaries/quark_pdat.o
                0x0000000000102d87                get_quark_pdat_entry_data_by_id
                0x0000000000102e51                get_quark_pdat_entry_data_by_desc
 .text          0x0000000000102f21       0xae binaries/queue.o
                0x0000000000102f21                enqueue
                0x0000000000102f84                dequeue
 .text          0x0000000000102fcf      0x28e binaries/rcreate.o
                0x0000000000102fcf                rcreate
 .text          0x000000000010325d       0x5c binaries/read.o
                0x000000000010325d                read
 .text          0x00000000001032b9       0x5f binaries/ready.o
                0x00000000001032b9                ready
 .text          0x0000000000103318       0x5a binaries/receive.o
                0x0000000000103318                receive
 .text          0x0000000000103372       0x42 binaries/recvclr.o
                0x0000000000103372                recvclr
 .text          0x00000000001033b4       0xad binaries/recvtime.o
                0x00000000001033b4                recvtime
 .text          0x0000000000103461      0x18e binaries/resched.o
                0x0000000000103461                resched
                0x000000000010357d                resched_cntl
 .text          0x00000000001035ef       0x7e binaries/resume.o
                0x00000000001035ef                resume
 .text          0x000000000010366d       0x59 binaries/seek.o
                0x000000000010366d                seek
 .text          0x00000000001036c6       0x51 binaries/semcount.o
                0x00000000001036c6                semcount
 .text          0x0000000000103717       0x93 binaries/semcreate.o
                0x0000000000103717                semcreate
 .text          0x00000000001037aa       0xd1 binaries/semdelete.o
                0x00000000001037aa                semdelete
 .text          0x000000000010387b       0xa8 binaries/semreset.o
                0x000000000010387b                semreset
 .text          0x0000000000103923       0xb3 binaries/send.o
                0x0000000000103923                send
 .text          0x00000000001039d6       0x95 binaries/signal.o
                0x00000000001039d6                signal
 .text          0x0000000000103a6b       0xc2 binaries/signaln.o
                0x0000000000103a6b                signaln
 .text          0x0000000000103b2d       0xbd binaries/sleep.o
                0x0000000000103b2d                sleepms
                0x0000000000103bb4                sleep
 .text          0x0000000000103bea       0xbf binaries/stacksmashA.o
                0x0000000000103bea                takeover
                0x0000000000103c0e                rec
                0x0000000000103c2c                stacksmashA
 .text          0x0000000000103ca9       0x2c binaries/stacksmashV.o
                0x0000000000103ca9                stacksmashV
 .text          0x0000000000103cd5      0x17c binaries/stacktrace.o
                0x0000000000103cd5                stacktrace
 .text          0x0000000000103e51       0xac binaries/suspend.o
                0x0000000000103e51                suspend
 .text          0x0000000000103efd       0x91 binaries/unsleep.o
                0x0000000000103efd                unsleep
 .text          0x0000000000103f8e       0x19 binaries/userret.o
                0x0000000000103f8e                userret
 .text          0x0000000000103fa7       0xac binaries/wait.o
                0x0000000000103fa7                wait
 .text          0x0000000000104053       0x71 binaries/wakeup.o
                0x0000000000104053                wakeup
 .text          0x00000000001040c4       0x5c binaries/write.o
                0x00000000001040c4                write
 .text          0x0000000000104120       0x1a binaries/xdone.o
                0x0000000000104120                xdone
 .text          0x000000000010413a       0x26 binaries/yield.o
                0x000000000010413a                yield
 .text          0x0000000000104160       0x11 binaries/abs.o
                0x0000000000104160                abs
 .text          0x0000000000104171       0x84 binaries/atoi.o
                0x0000000000104171                atoi
 .text          0x00000000001041f5       0x84 binaries/atol.o
                0x00000000001041f5                atol
 .text          0x0000000000104279       0x1a binaries/bzero.o
                0x0000000000104279                bzero
 .text          0x0000000000104293        0x0 binaries/ctype_.o
 .text          0x0000000000104293      0x6bf binaries/doprnt.o
                0x00000000001043e6                _doprnt
 .text          0x0000000000104952      0x5f2 binaries/doscan.o
                0x0000000000104952                _doscan
 .text          0x0000000000104f44      0x64e binaries/fdoprnt.o
                0x0000000000104fc9                _fdoprnt
 .text          0x0000000000105592       0x1c binaries/fgetc.o
                0x0000000000105592                fgetc
 .text          0x00000000001055ae       0x61 binaries/fgets.o
                0x00000000001055ae                fgets
 .text          0x000000000010560f       0x21 binaries/fprintf.o
                0x000000000010560f                fprintf
 .text          0x0000000000105630       0x27 binaries/fputc.o
                0x0000000000105630                fputc
 .text          0x0000000000105657       0x3a binaries/fputs.o
                0x0000000000105657                fputs
 .text          0x0000000000105691       0x6a binaries/fscanf.o
                0x00000000001056cf                fscanf
 .text          0x00000000001056fb       0x1d binaries/getchar.o
                0x00000000001056fb                getchar
 .text          0x0000000000105718       0x11 binaries/labs.o
                0x0000000000105718                labs
 .text          0x0000000000105729       0x36 binaries/memchr.o
                0x0000000000105729                memchr
 .text          0x000000000010575f       0x4a binaries/memcmp.o
                0x000000000010575f                memcmp
 .text          0x00000000001057a9       0x26 binaries/memcpy.o
                0x00000000001057a9                memcpy
 .text          0x00000000001057cf       0x1f binaries/memset.o
                0x00000000001057cf                memset
 .text          0x00000000001057ee       0x2e binaries/printf.o
                0x00000000001057ee                printf
 .text          0x000000000010581c       0x20 binaries/putchar.o
                0x000000000010581c                putchar
 .text          0x000000000010583c      0x1cc binaries/qsort.o
                0x00000000001059e0                qsort
 .text          0x0000000000105a08       0x4c binaries/rand.o
                0x0000000000105a08                srand
                0x0000000000105a15                rand
 .text          0x0000000000105a54       0x48 binaries/sprintf.o
                0x0000000000105a6d                sprintf
 .text          0x0000000000105a9c       0x5a binaries/sscanf.o
                0x0000000000105acc                sscanf
 .text          0x0000000000105af6       0x2f binaries/strchr.o
                0x0000000000105af6                strchr
 .text          0x0000000000105b25       0x45 binaries/strcmp.o
                0x0000000000105b25                strcmp
 .text          0x0000000000105b6a       0x1c binaries/strcpy.o
                0x0000000000105b6a                strcpy
 .text          0x0000000000105b86       0x20 binaries/strlen.o
                0x0000000000105b86                strlen
 .text          0x0000000000105ba6       0x3d binaries/strncat.o
                0x0000000000105ba6                strncat
 .text          0x0000000000105be3       0x3b binaries/strncmp.o
                0x0000000000105be3                strncmp
 .text          0x0000000000105c1e       0x59 binaries/strncpy.o
                0x0000000000105c1e                strncpy
 .text          0x0000000000105c77       0x38 binaries/strnlen.o
                0x0000000000105c77                strnlen
 .text          0x0000000000105caf       0x32 binaries/strrchr.o
                0x0000000000105caf                strrchr
 .text          0x0000000000105ce1       0x68 binaries/strstr.o
                0x0000000000105ce1                strstr
 .text          0x0000000000105d49      0x112 binaries/ttycontrol.o
                0x0000000000105d49                ttycontrol
 .text          0x0000000000105e5b       0xb0 binaries/ttygetc.o
                0x0000000000105e5b                ttygetc
 .text          0x0000000000105f0b      0x4a3 binaries/ttyhandle_in.o
                0x0000000000105fcf                ttyhandle_in
 .text          0x00000000001063ae      0x178 binaries/ttyhandle_out.o
                0x00000000001063ae                ttyhandle_out
 .text          0x0000000000106526       0x85 binaries/ttyhandler.o
                0x0000000000106526                ttyhandler
 .text          0x00000000001065ab      0x15d binaries/ttyinit.o
                0x00000000001065ab                ttyinit
 .text          0x0000000000106708        0xf binaries/ttykickout.o
                0x0000000000106708                ttykickout
 .text          0x0000000000106717       0xb2 binaries/ttyputc.o
                0x0000000000106717                ttyputc
 .text          0x00000000001067c9       0xff binaries/ttyread.o
                0x00000000001067c9                ttyread
 .text          0x00000000001068c8       0x4d binaries/ttywrite.o
                0x00000000001068c8                ttywrite
 .text          0x0000000000106915      0x129 binaries/mount.o
                0x0000000000106915                namlen
                0x0000000000106951                mount
 .text          0x0000000000106a3e      0x1c4 binaries/naminit.o
                0x0000000000106a3e                naminit
 .text          0x0000000000106c02      0x1fe binaries/nammap.o
                0x0000000000106c02                namrepl
                0x0000000000106d25                namcpy
                0x0000000000106d73                nammap
 .text          0x0000000000106e00       0x44 binaries/namopen.o
                0x0000000000106e00                namopen
 .text          0x0000000000106e44       0xd4 binaries/colon2mac.o
                0x0000000000106e44                colon2mac
 .text          0x0000000000106f18       0x7d binaries/ethcontrol.o
                0x0000000000106f18                ethcontrol
 .text          0x0000000000106f95      0x17e binaries/ethhandler.o
                0x0000000000106f95                ethhandler
 .text          0x0000000000107113      0x548 binaries/ethinit.o
                0x0000000000107113                eth_phy_read
                0x0000000000107153                eth_phy_write
                0x0000000000107194                eth_phy_reset
                0x000000000010726e                ethinit
 .text          0x000000000010765b      0x107 binaries/ethmcast.o
                0x000000000010765b                ethmcast_add
                0x00000000001076a7                ethmcast_remove
 .text          0x0000000000107762      0x172 binaries/ethread.o
                0x0000000000107762                ethread
 .text          0x00000000001078d4       0xc1 binaries/ethwrite.o
                0x00000000001078d4                ethwrite
 .text          0x0000000000107995       0x68 binaries/rdsbufalloc.o
                0x0000000000107995                rdsbufalloc
 .text          0x00000000001079fd       0xd6 binaries/rdsclose.o
                0x00000000001079fd                rdsclose
 .text          0x0000000000107ad3      0x1df binaries/rdscomm.o
                0x0000000000107ad3                rdscomm
 .text          0x0000000000107cb2      0x1c4 binaries/rdscontrol.o
                0x0000000000107cb2                rdscontrol
 .text          0x0000000000107e76      0x1f8 binaries/rdsinit.o
                0x0000000000107e76                rdsinit
 .text          0x000000000010806e      0x199 binaries/rdsopen.o
                0x000000000010806e                rdsopen
 .text          0x0000000000108207      0x2c5 binaries/rdsprocess.o
                0x0000000000108207                rdsprocess
 .text          0x00000000001084cc      0x1d8 binaries/rdsread.o
                0x00000000001084cc                rdsread
 .text          0x00000000001086a4      0x1ae binaries/rdswrite.o
                0x00000000001086a4                rdswrite
 .text          0x0000000000108852        0xa binaries/ramclose.o
                0x0000000000108852                ramclose
 .text          0x000000000010885c       0x35 binaries/raminit.o
                0x000000000010885c                raminit
 .text          0x0000000000108891        0xa binaries/ramopen.o
                0x0000000000108891                ramopen
 .text          0x000000000010889b       0x26 binaries/ramread.o
                0x000000000010889b                ramread
 .text          0x00000000001088c1       0x26 binaries/ramwrite.o
                0x00000000001088c1                ramwrite
 .text          0x00000000001088e7       0x87 binaries/lfdballoc.o
                0x00000000001088e7                lfdballoc
 .text          0x000000000010896e       0x49 binaries/lfdbfree.o
                0x000000000010896e                lfdbfree
 .text          0x00000000001089b7       0xa1 binaries/lfflush.o
                0x00000000001089b7                lfflush
 .text          0x0000000000108a58       0x82 binaries/lfgetmode.o
                0x0000000000108a58                lfgetmode
 .text          0x0000000000108ada       0x60 binaries/lfiballoc.o
                0x0000000000108ada                lfiballoc
 .text          0x0000000000108b3a       0x27 binaries/lfibclear.o
                0x0000000000108b3a                lfibclear
 .text          0x0000000000108b61       0x6c binaries/lfibget.o
                0x0000000000108b61                lfibget
 .text          0x0000000000108bcd       0x88 binaries/lfibput.o
                0x0000000000108bcd                lfibput
 .text          0x0000000000108c55       0xa4 binaries/lflclose.o
                0x0000000000108c55                lflclose
 .text          0x0000000000108cf9       0xc2 binaries/lflcontrol.o
                0x0000000000108cf9                lflcontrol
 .text          0x0000000000108dbb       0xfd binaries/lflgetc.o
                0x0000000000108dbb                lflgetc
 .text          0x0000000000108eb8       0xe7 binaries/lflinit.o
                0x0000000000108eb8                lflinit
 .text          0x0000000000108f9f      0x12f binaries/lflputc.o
                0x0000000000108f9f                lflputc
 .text          0x00000000001090ce       0x6b binaries/lflread.o
                0x00000000001090ce                lflread
 .text          0x0000000000109139       0xbd binaries/lflseek.o
                0x0000000000109139                lflseek
 .text          0x00000000001091f6       0x52 binaries/lflwrite.o
                0x00000000001091f6                lflwrite
 .text          0x0000000000109248      0x114 binaries/lfsckfmt.o
                0x0000000000109248                lfsckfmt
 .text          0x000000000010935c      0x1e6 binaries/lfscreate.o
                0x000000000010935c                lfscreate
 .text          0x0000000000109542      0x1b1 binaries/lfsetup.o
                0x0000000000109542                lfsetup
 .text          0x00000000001096f3       0x45 binaries/lfsinit.o
                0x00000000001096f3                lfsinit
 .text          0x0000000000109738      0x302 binaries/lfsopen.o
                0x0000000000109738                lfsopen
 .text          0x0000000000109a3a      0x112 binaries/lftruncate.o
                0x0000000000109a3a                lftruncate
 .text          0x0000000000109b4c       0x69 binaries/rflclose.o
                0x0000000000109b4c                rflclose
 .text          0x0000000000109bb5       0x29 binaries/rflgetc.o
                0x0000000000109bb5                rflgetc
 .text          0x0000000000109bde       0x6c binaries/rflinit.o
                0x0000000000109bde                rflinit
 .text          0x0000000000109c4a       0x29 binaries/rflputc.o
                0x0000000000109c4a                rflputc
 .text          0x0000000000109c73      0x2b6 binaries/rflread.o
                0x0000000000109c73                rflread
 .text          0x0000000000109f29       0x68 binaries/rflseek.o
                0x0000000000109f29                rflseek
 .text          0x0000000000109f91      0x2fa binaries/rflwrite.o
                0x0000000000109f91                rflwrite
 .text          0x000000000010a28b      0x17d binaries/rfscomm.o
                0x000000000010a28b                rfscomm
 .text          0x000000000010a408      0x22b binaries/rfscontrol.o
                0x000000000010a408                rfscontrol
 .text          0x000000000010a633       0x82 binaries/rfsgetmode.o
                0x000000000010a633                rfsgetmode
 .text          0x000000000010a6b5       0x7e binaries/rfsinit.o
                0x000000000010a6b5                rfsinit
 .text          0x000000000010a733       0xad binaries/rfsndmsg.o
                0x000000000010a733                rfsndmsg
 .text          0x000000000010a7e0      0x243 binaries/rfsopen.o
                0x000000000010a7e0                rfsopen
 .text          0x000000000010aa23      0x626 binaries/arp.o
                0x000000000010aa23                arp_init
                0x000000000010aa3f                arp_alloc
                0x000000000010aae6                arp_ntoh
                0x000000000010ab53                arp_hton
                0x000000000010abc0                arp_resolve
                0x000000000010ae11                arp_in
 .text          0x000000000010b049      0x5ed binaries/dhcp.o
                0x000000000010b049                dhcp_get_opt_val
                0x000000000010b09d                dhcp_bld_bootp_msg
                0x000000000010b16f                dhcp_bld_disc
                0x000000000010b1c1                dhcp_bld_req
                0x000000000010b25c                getlocalip
 .text          0x000000000010b636       0xda binaries/dot2ip.o
                0x000000000010b636                dot2ip
 .text          0x000000000010b710      0x38c binaries/hexdump.o
                0x000000000010b710                hexdump
                0x000000000010b86a                hexadump
 .text          0x000000000010ba9c      0x6f6 binaries/icmp.o
                0x000000000010ba9c                icmp_init
                0x000000000010bab8                icmp_register
                0x000000000010bb76                icmp_recv
                0x000000000010bd19                icmp_mkpkt
                0x000000000010bde6                icmp_in
                0x000000000010bf80                icmp_send
                0x000000000010bfef                icmp_release
                0x000000000010c10a                icmp_cksum
                0x000000000010c164                icmp_hton
                0x000000000010c17b                icmp_ntoh
 .text          0x000000000010c192      0x5e2 binaries/ip.o
                0x000000000010c192                ip_local
                0x000000000010c1d2                ipcksum
                0x000000000010c228                ip_ntoh
                0x000000000010c295                ip_in
                0x000000000010c3ba                ip_hton
                0x000000000010c427                ip_out
                0x000000000010c4dd                ip_send
                0x000000000010c5e8                ipout
                0x000000000010c6db                ip_enqueue
 .text          0x000000000010c774      0x1b2 binaries/net.o
                0x000000000010c774                net_init
                0x000000000010c86b                eth_hton
                0x000000000010c878                eth_ntoh
                0x000000000010c885                netin
 .text          0x000000000010c926       0xb9 binaries/netstart.o
                0x000000000010c926                netstart
 .text          0x000000000010c9df      0xa30 binaries/pdump.o
                0x000000000010c9df                pdump
                0x000000000010cfc4                pdumph
 .text          0x000000000010d40f      0x5b8 binaries/tftp.o
                0x000000000010d40f                tftp_send1
                0x000000000010d523                tftpget_mb
                0x000000000010d9a4                tftpget
 .text          0x000000000010d9c7      0xa17 binaries/udp.o
                0x000000000010d9c7                udp_init
                0x000000000010da08                udp_in
                0x000000000010db31                udp_register
                0x000000000010dc42                udp_recv
                0x000000000010dddb                udp_recvaddr
                0x000000000010df88                udp_send
                0x000000000010e136                udp_sendto
                0x000000000010e29f                udp_release
                0x000000000010e3b0                udp_ntoh
                0x000000000010e3c7                udp_hton
 .text          0x000000000010e3de      0x10e binaries/addargs.o
                0x000000000010e3de                addargs
 .text          0x000000000010e4ec      0x1db binaries/lexan.o
                0x000000000010e4ec                lexan
 .text          0x000000000010e6c7      0x644 binaries/shell.o
                0x000000000010e6c7                shell
 .text          0x000000000010ed0b       0x59 binaries/xsh_argecho.o
                0x000000000010ed0b                xsh_argecho
 .text          0x000000000010ed64      0x1fb binaries/xsh_arp.o
                0x000000000010ed64                xsh_arp
 .text          0x000000000010ef5f      0x1db binaries/xsh_cat.o
                0x000000000010ef5f                xsh_cat
 .text          0x000000000010f13a       0x4f binaries/xsh_clear.o
                0x000000000010f13a                xsh_clear
 .text          0x000000000010f189      0x278 binaries/xsh_date.o
                0x000000000010f189                xsh_date
 .text          0x000000000010f401       0x80 binaries/xsh_devdump.o
                0x000000000010f401                xsh_devdump
 .text          0x000000000010f481       0x63 binaries/xsh_echo.o
                0x000000000010f481                xsh_echo
 .text          0x000000000010f4e4        0xa binaries/xsh_exit.o
                0x000000000010f4e4                xsh_exit
 .text          0x000000000010f4ee      0x323 binaries/xsh_help.o
                0x000000000010f4ee                xsh_help
 .text          0x000000000010f811      0x367 binaries/xsh_ipaddr.o
                0x000000000010f811                xsh_ipaddr
 .text          0x000000000010fb78      0x1aa binaries/xsh_kill.o
                0x000000000010fb78                xsh_kill
 .text          0x000000000010fd22      0x3bd binaries/xsh_memdump.o
                0x000000000010fde8                xsh_memdump
 .text          0x00000000001100df      0x1cc binaries/xsh_memstat.o
                0x00000000001100df                xsh_memstat
 .text          0x00000000001102ab      0x10b binaries/xsh_pcount.o
                0x00000000001102ab                xsh_pcount
 .text          0x00000000001103b6      0x27f binaries/xsh_ping.o
                0x00000000001103b6                xsh_ping
 .text          0x0000000000110635      0x19c binaries/xsh_ps.o
                0x0000000000110635                xsh_ps
 .text          0x00000000001107d1      0x1a3 binaries/xsh_sleep.o
                0x00000000001107d1                xsh_sleep
 .text          0x0000000000110974      0x1c3 binaries/xsh_udpdump.o
                0x0000000000110974                xsh_udpdump
 .text          0x0000000000110b37      0x3ad binaries/xsh_udpecho.o
                0x0000000000110b37                xsh_udpecho
 .text          0x0000000000110ee4      0x1fc binaries/xsh_udpeserver.o
                0x0000000000110ee4                xsh_udpeserver
 .text          0x00000000001110e0      0x1b0 binaries/xsh_uptime.o
                0x00000000001110e0                xsh_uptime
 .text          0x0000000000111290        0xe binaries/clkdisp.o
                0x0000000000111290                clkdisp
 .text          0x000000000011129e       0x19 binaries/ctxsw.o
                0x000000000011129e                ctxsw
 .text          0x00000000001112b7      0x36b binaries/intr.o
                0x00000000001112b7                disable
                0x00000000001112c0                restore
                0x00000000001112ce                enable
                0x00000000001112d0                pause
                0x00000000001112d7                halt
                0x00000000001112dd                spurious_irq7
                0x00000000001112e2                spurious_irq15
                0x00000000001112f1                _Xint0
                0x00000000001112fc                _Xint1
                0x0000000000111307                _Xint2
                0x0000000000111312                _Xint3
                0x000000000011131d                _Xint4
                0x0000000000111328                _Xint5
                0x0000000000111333                _Xint6
                0x000000000011133e                _Xint7
                0x0000000000111349                _Xint8
                0x0000000000111354                _Xint9
                0x000000000011135f                _Xint10
                0x000000000011136a                _Xint11
                0x0000000000111378                _Xint12
                0x0000000000111386                _Xint13
                0x0000000000111394                _Xint14
                0x00000000001113a2                _Xint15
                0x00000000001113b0                _Xint16
                0x00000000001113be                _Xint17
                0x00000000001113cc                _Xint18
                0x00000000001113da                _Xint19
                0x00000000001113e8                _Xint20
                0x00000000001113f6                _Xint21
                0x0000000000111404                _Xint22
                0x0000000000111412                _Xint23
                0x0000000000111420                _Xint24
                0x000000000011142e                _Xint25
                0x000000000011143c                _Xint26
                0x000000000011144a                _Xint27
                0x0000000000111458                _Xint28
                0x0000000000111466                _Xint29
                0x0000000000111474                _Xint30
                0x0000000000111482                _Xint31
                0x0000000000111490                _Xint32
                0x000000000011149e                _Xint33
                0x00000000001114ac                _Xint34
                0x00000000001114ba                _Xint35
                0x00000000001114c8                _Xint36
                0x00000000001114d6                _Xint37
                0x00000000001114e4                _Xint38
                0x00000000001114f2                _Xint39
                0x0000000000111500                _Xint40
                0x000000000011150e                _Xint41
                0x000000000011151c                _Xint42
                0x000000000011152a                _Xint43
                0x0000000000111538                _Xint44
                0x0000000000111546                _Xint45
                0x0000000000111554                _Xint46
                0x0000000000111562                defevec
 .text          0x0000000000111622       0x39 binaries/net2hostl.o
                0x0000000000111622                net2hostl
 .text          0x000000000011165b       0x31 binaries/net2hostlgcc.o
                0x000000000011165b                net2hostlgcc
 .text          0x000000000011168c        0xf binaries/ttydispatch.o
                0x000000000011168c                ttydispatch
 .text          0x000000000011169b       0x13 binaries/ethdispatch.o
                0x000000000011169b                ethdispatch
 *(.rodata .rodata.*)
 .rodata.str1.1
                0x00000000001116ae       0x54 binaries/ascdate.o
 *fill*         0x0000000000111702        0x2 
 .rodata.str1.4
                0x0000000000111704       0x22 binaries/ascdate.o
 .rodata.str1.1
                0x0000000000111726       0x5f binaries/conf.o
 .rodata.str1.1
                0x0000000000111785       0x26 binaries/cpubnd.o
 *fill*         0x00000000001117ab        0x1 
 .rodata.str1.4
                0x00000000001117ac       0x4f binaries/early_imr.o
 *fill*         0x00000000001117fb        0x1 
 .rodata        0x00000000001117fc       0x33 binaries/early_imr.o
 .rodata.str1.1
                0x000000000011182f      0x20c binaries/evec.o
 *fill*         0x0000000000111a3b        0x1 
 .rodata.str1.4
                0x0000000000111a3c       0x23 binaries/evec.o
 .rodata.str1.1
                0x0000000000111a5f        0xb binaries/getutime.o
 *fill*         0x0000000000111a6a        0x2 
 .rodata.str1.4
                0x0000000000111a6c       0x54 binaries/getutime.o
 .rodata.str1.1
                0x0000000000111ac0       0x5b binaries/initialize.o
                                         0x5f (size before relaxing)
 *fill*         0x0000000000111b1b        0x1 
 .rodata.str1.4
                0x0000000000111b1c       0xd4 binaries/initialize.o
 .rodata.str1.1
                0x0000000000111bf0       0x24 binaries/iobnd.o
 .rodata        0x0000000000111c14       0x20 binaries/kill.o
 .rodata.str1.1
                0x0000000000111c34       0x7d binaries/lab1.o
                                         0x82 (size before relaxing)
 *fill*         0x0000000000111cb1        0x3 
 .rodata.str1.4
                0x0000000000111cb4       0x6f binaries/lab1.o
 *fill*         0x0000000000111d23        0x1 
 .rodata.str1.4
                0x0000000000111d24       0xc5 binaries/lab2.o
 .rodata.str1.1
                0x0000000000111de9        0x7 binaries/lab2.o
 .rodata.str1.1
                0x0000000000111df0       0x3d binaries/main.o
 *fill*         0x0000000000111e2d        0x3 
 .rodata.str1.4
                0x0000000000111e30      0x1f9 binaries/main.o
 *fill*         0x0000000000112029        0x3 
 .rodata.str1.4
                0x000000000011202c       0x23 binaries/meminit.o
 .rodata.str1.1
                0x000000000011204f       0x1b binaries/meminit.o
 .rodata.str1.1
                0x000000000011206a        0xf binaries/panic.o
 .rodata.str1.1
                0x0000000000112079       0xf1 binaries/printsegaddr.o
 *fill*         0x000000000011216a        0x2 
 .rodata.str1.4
                0x000000000011216c       0x22 binaries/printsegaddr.o
 .rodata.str1.1
                0x000000000011218e       0x1c binaries/ptinit.o
 *fill*         0x00000000001121aa        0x2 
 .rodata.str1.4
                0x00000000001121ac       0x25 binaries/ptsend.o
 .rodata.str1.1
                0x00000000001121d1       0x22 binaries/quark_pdat.o
 .rodata.str1.1
                0x00000000001121f3       0x15 binaries/stacksmashA.o
 .rodata.str1.4
                0x0000000000112208       0x63 binaries/stacktrace.o
 .rodata.str1.1
                0x000000000011226b       0x52 binaries/stacktrace.o
 *fill*         0x00000000001122bd        0x3 
 .rodata.str1.4
                0x00000000001122c0       0x27 binaries/xdone.o
 *fill*         0x00000000001122e7       0x19 
 .rodata        0x0000000000112300       0x81 binaries/ctype_.o
                0x0000000000112300                _ctype_
 .rodata.str1.1
                0x0000000000112381       0x29 binaries/doprnt.o
 *fill*         0x00000000001123aa        0x2 
 .rodata        0x00000000001123ac       0xc4 binaries/doprnt.o
 .rodata        0x0000000000112470       0x98 binaries/doscan.o
 .rodata.str1.1
                0x0000000000112508       0x29 binaries/fdoprnt.o
 .rodata        0x0000000000112508       0x84 binaries/fdoprnt.o
 .rodata        0x000000000011258c       0x20 binaries/ttycontrol.o
 .rodata.str1.4
                0x00000000001125ac       0x4c binaries/naminit.o
 .rodata.str1.1
                0x00000000001125f8       0x32 binaries/naminit.o
                                         0x35 (size before relaxing)
 .rodata.str1.1
                0x000000000011262a       0x15 binaries/ethinit.o
 *fill*         0x000000000011263f        0x1 
 .rodata.str1.4
                0x0000000000112640       0x2e binaries/ethinit.o
 *fill*         0x000000000011266e        0x2 
 .rodata.str1.4
                0x0000000000112670       0x2c binaries/rdsbufalloc.o
 .rodata.str1.4
                0x000000000011269c       0x76 binaries/rdscomm.o
 *fill*         0x0000000000112712        0x2 
 .rodata.str1.4
                0x0000000000112714       0x48 binaries/rdscontrol.o
 .rodata.str1.4
                0x000000000011275c       0x7e binaries/rdsinit.o
 .rodata.str1.1
                0x00000000001127da       0x18 binaries/rdsinit.o
 *fill*         0x00000000001127f2        0x2 
 .rodata.str1.4
                0x00000000001127f4       0x22 binaries/rdsopen.o
 *fill*         0x0000000000112816        0x2 
 .rodata.str1.4
                0x0000000000112818       0x4d binaries/rdsprocess.o
 .rodata.str1.1
                0x0000000000112865        0x9 binaries/raminit.o
 .rodata.str1.1
                0x000000000011286e       0x13 binaries/lfdballoc.o
 *fill*         0x0000000000112881        0x3 
 .rodata.str1.4
                0x0000000000112884       0x23 binaries/lfdballoc.o
 .rodata.str1.1
                0x00000000001128a7       0x14 binaries/lfiballoc.o
 *fill*         0x00000000001128bb        0x1 
 .rodata.str1.4
                0x00000000001128bc       0x23 binaries/lflcontrol.o
 .rodata.str1.1
                0x00000000001128df       0x64 binaries/lfsckfmt.o
 *fill*         0x0000000000112943        0x1 
 .rodata.str1.4
                0x0000000000112944       0x51 binaries/lfsckfmt.o
 *fill*         0x0000000000112995        0x3 
 .rodata.str1.4
                0x0000000000112998       0x21 binaries/rflread.o
 .rodata.str1.4
                0x00000000001129b9       0x21 binaries/rflwrite.o
 *fill*         0x00000000001129b9        0x3 
 .rodata.str1.4
                0x00000000001129bc       0x75 binaries/rfscomm.o
 *fill*         0x0000000000112a31        0x3 
 .rodata.str1.4
                0x0000000000112a34       0x23 binaries/rfscontrol.o
 *fill*         0x0000000000112a57        0x1 
 .rodata        0x0000000000112a58       0x18 binaries/rfscontrol.o
 .rodata.str1.1
                0x0000000000112a70       0x10 binaries/rfsinit.o
 .rodata.str1.4
                0x0000000000112a70       0x57 binaries/rfsinit.o
 *fill*         0x0000000000112ac7        0x1 
 .rodata.str1.4
                0x0000000000112ac8       0x2a binaries/rfsndmsg.o
 .rodata.str1.4
                0x0000000000112af2       0x22 binaries/rfsopen.o
 .rodata.str1.1
                0x0000000000112af2       0x19 binaries/arp.o
 *fill*         0x0000000000112b0b        0x1 
 .rodata.str1.4
                0x0000000000112b0c       0x21 binaries/arp.o
 *fill*         0x0000000000112b2d        0x3 
 .rodata.str1.4
                0x0000000000112b30       0xa6 binaries/dhcp.o
 .rodata.str1.1
                0x0000000000112bd6       0x4a binaries/dhcp.o
 .rodata.str1.1
                0x0000000000112c20       0x5a binaries/hexdump.o
                                         0x61 (size before relaxing)
 *fill*         0x0000000000112c7a        0x2 
 .rodata.str1.4
                0x0000000000112c7c       0x67 binaries/hexdump.o
 *fill*         0x0000000000112ce3        0x1 
 .rodata.str1.4
                0x0000000000112ce4       0x29 binaries/icmp.o
 .rodata.str1.1
                0x0000000000112d0d       0x4e binaries/ip.o
 *fill*         0x0000000000112d5b        0x1 
 .rodata.str1.4
                0x0000000000112d5c       0x20 binaries/ip.o
 .rodata.str1.4
                0x0000000000112d7c       0x28 binaries/net.o
 .rodata.str1.1
                0x0000000000112da4       0x27 binaries/net.o
 *fill*         0x0000000000112dcb        0x1 
 .rodata.str1.4
                0x0000000000112dcc       0xcf binaries/netstart.o
 .rodata.str1.1
                0x0000000000112e9b      0x141 binaries/pdump.o
                                        0x14b (size before relaxing)
 .rodata.str1.4
                0x0000000000112fdc      0x126 binaries/pdump.o
 *fill*         0x0000000000113102        0x2 
 .rodata.str1.4
                0x0000000000113104      0x148 binaries/tftp.o
 .rodata.str1.1
                0x000000000011324c        0x6 binaries/tftp.o
                                          0xa (size before relaxing)
 .rodata.str1.1
                0x0000000000113252       0xea binaries/shell.o
                                        0x106 (size before relaxing)
 .rodata.str1.4
                0x000000000011333c      0x1c4 binaries/shell.o
 .rodata        0x0000000000113500      0x108 binaries/shell.o
                0x0000000000113500                cmdtab
 .rodata.str1.1
                0x0000000000113608       0x26 binaries/xsh_argecho.o
                                         0x28 (size before relaxing)
 .rodata.str1.1
                0x000000000011362e       0x70 binaries/xsh_arp.o
                                         0x72 (size before relaxing)
 *fill*         0x000000000011369e        0x2 
 .rodata.str1.4
                0x00000000001136a0       0xb4 binaries/xsh_arp.o
 .rodata.str1.1
                0x0000000000113754       0x2d binaries/xsh_cat.o
                                         0x4f (size before relaxing)
 *fill*         0x0000000000113781        0x3 
 .rodata.str1.4
                0x0000000000113784       0x52 binaries/xsh_cat.o
                                         0x79 (size before relaxing)
 .rodata.str1.1
                0x00000000001137d6       0x15 binaries/xsh_clear.o
 .rodata.str1.1
                0x00000000001137eb       0x46 binaries/xsh_date.o
                                         0x5f (size before relaxing)
 *fill*         0x0000000000113831        0x3 
 .rodata.str1.4
                0x0000000000113834      0x163 binaries/xsh_date.o
 .rodata.str1.1
                0x0000000000113997       0x5d binaries/xsh_devdump.o
 .rodata.str1.1
                0x00000000001139f4        0x4 binaries/xsh_echo.o
                                          0x9 (size before relaxing)
 .rodata.str1.1
                0x00000000001139f8       0x65 binaries/xsh_help.o
                                         0xa3 (size before relaxing)
 *fill*         0x0000000000113a5d        0x3 
 .rodata.str1.4
                0x0000000000113a60       0x7c binaries/xsh_help.o
                                         0xc6 (size before relaxing)
 .rodata.str1.1
                0x0000000000113adc       0x9c binaries/xsh_ipaddr.o
                                         0xf8 (size before relaxing)
 .rodata.str1.4
                0x0000000000113b78       0x4d binaries/xsh_ipaddr.o
                                         0x99 (size before relaxing)
 .rodata.str1.1
                0x0000000000113bc5       0x78 binaries/xsh_kill.o
                                         0x97 (size before relaxing)
 *fill*         0x0000000000113c3d        0x3 
 .rodata.str1.4
                0x0000000000113c40       0x4a binaries/xsh_kill.o
                                         0x96 (size before relaxing)
 .rodata.str1.1
                0x0000000000113c8a       0x84 binaries/xsh_memdump.o
                                         0xa8 (size before relaxing)
 *fill*         0x0000000000113d0e        0x2 
 .rodata.str1.4
                0x0000000000113d10      0x15a binaries/xsh_memdump.o
                                        0x1aa (size before relaxing)
 .rodata.str1.1
                0x0000000000113e6a       0x40 binaries/xsh_memstat.o
                                         0x79 (size before relaxing)
 *fill*         0x0000000000113eaa        0x2 
 .rodata.str1.4
                0x0000000000113eac      0x187 binaries/xsh_memstat.o
                                        0x1af (size before relaxing)
 .rodata.str1.1
                0x0000000000114033       0x1d binaries/xsh_pcount.o
                                         0x5e (size before relaxing)
 .rodata.str1.4
                0x0000000000114050       0x26 binaries/xsh_pcount.o
                                         0x76 (size before relaxing)
 .rodata.str1.1
                0x0000000000114076       0x90 binaries/xsh_ping.o
                                         0xaf (size before relaxing)
 *fill*         0x0000000000114106        0x2 
 .rodata.str1.4
                0x0000000000114108       0x77 binaries/xsh_ping.o
                                         0xc6 (size before relaxing)
 .rodata.str1.1
                0x000000000011417f       0x74 binaries/xsh_ps.o
                                         0xd5 (size before relaxing)
 *fill*         0x00000000001141f3        0x1 
 .rodata.str1.4
                0x00000000001141f4       0x80 binaries/xsh_ps.o
                                         0xd0 (size before relaxing)
 *fill*         0x0000000000114274        0xc 
 .rodata        0x0000000000114280       0x20 binaries/xsh_ps.o
 .rodata.str1.1
                0x00000000001142a0       0x31 binaries/xsh_sleep.o
                                         0x72 (size before relaxing)
 *fill*         0x00000000001142d1        0x3 
 .rodata.str1.4
                0x00000000001142d4       0x2a binaries/xsh_sleep.o
                                         0x7a (size before relaxing)
 .rodata.str1.1
                0x00000000001142fe       0x6b binaries/xsh_udpdump.o
                                         0xd2 (size before relaxing)
 *fill*         0x0000000000114369        0x3 
 .rodata.str1.4
                0x000000000011436c       0x94 binaries/xsh_udpdump.o
                                         0xe4 (size before relaxing)
 .rodata.str1.1
                0x0000000000114400       0xdb binaries/xsh_udpecho.o
                                         0xfa (size before relaxing)
 *fill*         0x00000000001144db        0x1 
 .rodata.str1.4
                0x00000000001144dc       0xc7 binaries/xsh_udpecho.o
                                        0x116 (size before relaxing)
 .rodata.str1.1
                0x00000000001145a3       0x66 binaries/xsh_udpeserver.o
                                         0x8f (size before relaxing)
 *fill*         0x0000000000114609        0x3 
 .rodata.str1.4
                0x000000000011460c       0x29 binaries/xsh_udpeserver.o
                                         0x9f (size before relaxing)
 .rodata.str1.1
                0x0000000000114635       0x49 binaries/xsh_uptime.o
                                         0x8c (size before relaxing)
 *fill*         0x000000000011467e        0x2 
 .rodata.str1.4
                0x0000000000114680       0x28 binaries/xsh_uptime.o
                                         0x76 (size before relaxing)
                0x00000000001146a8                etext = ABSOLUTE (.)
                0x0000000000115000                . = ALIGN (0x1000)
 *fill*         0x00000000001146a8      0x958 

.eh_frame       0x0000000000115000     0x31d0
 .eh_frame      0x0000000000115000       0x48 binaries/ascdate.o
 .eh_frame      0x0000000000115048       0x20 binaries/bufinit.o
                                         0x38 (size before relaxing)
 .eh_frame      0x0000000000115068       0x2c binaries/chprio.o
                                         0x44 (size before relaxing)
 .eh_frame      0x0000000000115094       0x40 binaries/clkhandler.o
                                         0x58 (size before relaxing)
 .eh_frame      0x00000000001150d4       0x20 binaries/clkinit.o
                                         0x38 (size before relaxing)
 .eh_frame      0x00000000001150f4       0x28 binaries/close.o
                                         0x40 (size before relaxing)
 .eh_frame      0x000000000011511c       0x28 binaries/control.o
                                         0x40 (size before relaxing)
 .eh_frame      0x0000000000115144       0x24 binaries/cpubnd.o
                                         0x3c (size before relaxing)
 .eh_frame      0x0000000000115168       0x30 binaries/create.o
                                         0x48 (size before relaxing)
 .eh_frame      0x0000000000115198       0x94 binaries/early_imr.o
                                         0xac (size before relaxing)
 .eh_frame      0x000000000011522c       0x94 binaries/evec.o
                                         0xac (size before relaxing)
 .eh_frame      0x00000000001152c0       0x2c binaries/freebuf.o
                                         0x44 (size before relaxing)
 .eh_frame      0x00000000001152ec       0x2c binaries/freemem.o
                                         0x44 (size before relaxing)
 .eh_frame      0x0000000000115318       0x2c binaries/getbuf.o
                                         0x44 (size before relaxing)
 .eh_frame      0x0000000000115344       0x28 binaries/getc.o
                                         0x40 (size before relaxing)
 .eh_frame      0x000000000011536c       0x2c binaries/getdev.o
                                         0x44 (size before relaxing)
 .eh_frame      0x0000000000115398       0x64 binaries/getitem.o
                                         0x7c (size before relaxing)
 .eh_frame      0x00000000001153fc       0x28 binaries/getmem.o
                                         0x40 (size before relaxing)
 .eh_frame      0x0000000000115424       0x20 binaries/getpid.o
                                         0x38 (size before relaxing)
 .eh_frame      0x0000000000115444       0x24 binaries/getprio.o
                                         0x3c (size before relaxing)
 .eh_frame      0x0000000000115468       0x2c binaries/getstk.o
                                         0x44 (size before relaxing)
 .eh_frame      0x0000000000115494       0x20 binaries/gettime.o
                                         0x38 (size before relaxing)
 .eh_frame      0x00000000001154b4       0x24 binaries/getutime.o
                                         0x3c (size before relaxing)
 .eh_frame      0x00000000001154d8       0x28 binaries/init.o
                                         0x40 (size before relaxing)
 .eh_frame      0x0000000000115500       0x5c binaries/initialize.o
                                         0x74 (size before relaxing)
 .eh_frame      0x000000000011555c       0x28 binaries/insert.o
                                         0x40 (size before relaxing)
 .eh_frame      0x0000000000115584       0x2c binaries/insertd.o
                                         0x44 (size before relaxing)
 .eh_frame      0x00000000001155b0       0x28 binaries/iobnd.o
                                         0x40 (size before relaxing)
 .eh_frame      0x00000000001155d8       0x20 binaries/ioerr.o
                                         0x38 (size before relaxing)
 .eh_frame      0x00000000001155f8       0x20 binaries/ionull.o
                                         0x38 (size before relaxing)
 .eh_frame      0x0000000000115618       0x30 binaries/kill.o
                                         0x48 (size before relaxing)
 .eh_frame      0x0000000000115648       0x80 binaries/kprintf.o
                                         0x98 (size before relaxing)
 .eh_frame      0x00000000001156c8       0x40 binaries/lab1.o
                                         0x58 (size before relaxing)
 .eh_frame      0x0000000000115708       0x70 binaries/lab2.o
                                         0x88 (size before relaxing)
 .eh_frame      0x0000000000115778       0x2c binaries/main.o
                                         0x44 (size before relaxing)
 .eh_frame      0x00000000001157a4       0x44 binaries/mark.o
                                         0x5c (size before relaxing)
 .eh_frame      0x00000000001157e8       0x50 binaries/meminit.o
                                         0x68 (size before relaxing)
 .eh_frame      0x0000000000115838       0x30 binaries/mkbufpool.o
                                         0x48 (size before relaxing)
 .eh_frame      0x0000000000115868       0x20 binaries/net2hostlasm.o
                                         0x38 (size before relaxing)
 .eh_frame      0x0000000000115888       0x20 binaries/newqueue.o
                                         0x38 (size before relaxing)
 .eh_frame      0x00000000001158a8       0x28 binaries/open.o
                                         0x40 (size before relaxing)
 .eh_frame      0x00000000001158d0       0x1c binaries/panic.o
                                         0x34 (size before relaxing)
 .eh_frame      0x00000000001158ec      0x12c binaries/pci.o
                                        0x144 (size before relaxing)
 .eh_frame      0x0000000000115a18       0x20 binaries/platinit.o
                                         0x38 (size before relaxing)
 .eh_frame      0x0000000000115a38       0x20 binaries/printsegaddr.o
                                         0x38 (size before relaxing)
 .eh_frame      0x0000000000115a58       0x2c binaries/ptclear.o
                                         0x44 (size before relaxing)
 .eh_frame      0x0000000000115a84       0x2c binaries/ptcount.o
                                         0x44 (size before relaxing)
 .eh_frame      0x0000000000115ab0       0x2c binaries/ptcreate.o
                                         0x44 (size before relaxing)
 .eh_frame      0x0000000000115adc       0x28 binaries/ptdelete.o
                                         0x40 (size before relaxing)
 .eh_frame      0x0000000000115b04       0x28 binaries/ptinit.o
                                         0x40 (size before relaxing)
 .eh_frame      0x0000000000115b2c       0x2c binaries/ptrecv.o
                                         0x44 (size before relaxing)
 .eh_frame      0x0000000000115b58       0x28 binaries/ptreset.o
                                         0x40 (size before relaxing)
 .eh_frame      0x0000000000115b80       0x30 binaries/ptsend.o
                                         0x48 (size before relaxing)
 .eh_frame      0x0000000000115bb0       0x2c binaries/putc.o
                                         0x44 (size before relaxing)
 .eh_frame      0x0000000000115bdc       0x24 binaries/quark_irq.o
                                         0x3c (size before relaxing)
 .eh_frame      0x0000000000115c00       0x54 binaries/quark_pdat.o
                                         0x6c (size before relaxing)
 .eh_frame      0x0000000000115c54       0x40 binaries/queue.o
                                         0x58 (size before relaxing)
 .eh_frame      0x0000000000115c94       0x30 binaries/rcreate.o
                                         0x48 (size before relaxing)
 .eh_frame      0x0000000000115cc4       0x28 binaries/read.o
                                         0x40 (size before relaxing)
 .eh_frame      0x0000000000115cec       0x20 binaries/ready.o
                                         0x38 (size before relaxing)
 .eh_frame      0x0000000000115d0c       0x2c binaries/receive.o
                                         0x44 (size before relaxing)
 .eh_frame      0x0000000000115d38       0x24 binaries/recvclr.o
                                         0x3c (size before relaxing)
 .eh_frame      0x0000000000115d5c       0x2c binaries/recvtime.o
                                         0x44 (size before relaxing)
 .eh_frame      0x0000000000115d88       0x4c binaries/resched.o
                                         0x64 (size before relaxing)
 .eh_frame      0x0000000000115dd4       0x2c binaries/resume.o
                                         0x44 (size before relaxing)
 .eh_frame      0x0000000000115e00       0x28 binaries/seek.o
                                         0x40 (size before relaxing)
 .eh_frame      0x0000000000115e28       0x24 binaries/semcount.o
                                         0x3c (size before relaxing)
 .eh_frame      0x0000000000115e4c       0x2c binaries/semcreate.o
                                         0x44 (size before relaxing)
 .eh_frame      0x0000000000115e78       0x2c binaries/semdelete.o
                                         0x44 (size before relaxing)
 .eh_frame      0x0000000000115ea4       0x2c binaries/semreset.o
                                         0x44 (size before relaxing)
 .eh_frame      0x0000000000115ed0       0x28 binaries/send.o
                                         0x40 (size before relaxing)
 .eh_frame      0x0000000000115ef8       0x28 binaries/signal.o
                                         0x40 (size before relaxing)
 .eh_frame      0x0000000000115f20       0x2c binaries/signaln.o
                                         0x44 (size before relaxing)
 .eh_frame      0x0000000000115f4c       0x48 binaries/sleep.o
                                         0x60 (size before relaxing)
 .eh_frame      0x0000000000115f94       0x6c binaries/stacksmashA.o
                                         0x84 (size before relaxing)
 .eh_frame      0x0000000000116000       0x20 binaries/stacksmashV.o
                                         0x38 (size before relaxing)
 .eh_frame      0x0000000000116020       0x30 binaries/stacktrace.o
                                         0x48 (size before relaxing)
 .eh_frame      0x0000000000116050       0x28 binaries/suspend.o
                                         0x40 (size before relaxing)
 .eh_frame      0x0000000000116078       0x28 binaries/unsleep.o
                                         0x40 (size before relaxing)
 .eh_frame      0x00000000001160a0       0x20 binaries/userret.o
                                         0x38 (size before relaxing)
 .eh_frame      0x00000000001160c0       0x28 binaries/wait.o
                                         0x40 (size before relaxing)
 .eh_frame      0x00000000001160e8       0x20 binaries/wakeup.o
                                         0x38 (size before relaxing)
 .eh_frame      0x0000000000116108       0x28 binaries/write.o
                                         0x40 (size before relaxing)
 .eh_frame      0x0000000000116130       0x20 binaries/xdone.o
                                         0x38 (size before relaxing)
 .eh_frame      0x0000000000116150       0x24 binaries/yield.o
                                         0x3c (size before relaxing)
 .eh_frame      0x0000000000116174       0x20 binaries/abs.o
                                         0x38 (size before relaxing)
 .eh_frame      0x0000000000116194       0x28 binaries/atoi.o
                                         0x40 (size before relaxing)
 .eh_frame      0x00000000001161bc       0x28 binaries/atol.o
                                         0x40 (size before relaxing)
 .eh_frame      0x00000000001161e4       0x20 binaries/bzero.o
                                         0x38 (size before relaxing)
 .eh_frame      0x0000000000116204       0xac binaries/doprnt.o
                                         0xc4 (size before relaxing)
 .eh_frame      0x00000000001162b0       0x30 binaries/doscan.o
                                         0x48 (size before relaxing)
 .eh_frame      0x00000000001162e0       0x5c binaries/fdoprnt.o
                                         0x74 (size before relaxing)
 .eh_frame      0x000000000011633c       0x20 binaries/fgetc.o
                                         0x38 (size before relaxing)
 .eh_frame      0x000000000011635c       0x2c binaries/fgets.o
                                         0x44 (size before relaxing)
 .eh_frame      0x0000000000116388       0x20 binaries/fprintf.o
                                         0x38 (size before relaxing)
 .eh_frame      0x00000000001163a8       0x20 binaries/fputc.o
                                         0x38 (size before relaxing)
 .eh_frame      0x00000000001163c8       0x28 binaries/fputs.o
                                         0x40 (size before relaxing)
 .eh_frame      0x00000000001163f0       0x64 binaries/fscanf.o
                                         0x7c (size before relaxing)
 .eh_frame      0x0000000000116454       0x20 binaries/getchar.o
                                         0x38 (size before relaxing)
 .eh_frame      0x0000000000116474       0x20 binaries/labs.o
                                         0x38 (size before relaxing)
 .eh_frame      0x0000000000116494       0x20 binaries/memchr.o
                                         0x38 (size before relaxing)
 .eh_frame      0x00000000001164b4       0x28 binaries/memcmp.o
                                         0x40 (size before relaxing)
 .eh_frame      0x00000000001164dc       0x28 binaries/memcpy.o
                                         0x40 (size before relaxing)
 .eh_frame      0x0000000000116504       0x24 binaries/memset.o
                                         0x3c (size before relaxing)
 .eh_frame      0x0000000000116528       0x20 binaries/printf.o
                                         0x38 (size before relaxing)
 .eh_frame      0x0000000000116548       0x20 binaries/putchar.o
                                         0x38 (size before relaxing)
 .eh_frame      0x0000000000116568       0xa4 binaries/qsort.o
                                         0xbc (size before relaxing)
 .eh_frame      0x000000000011660c       0x40 binaries/rand.o
                                         0x58 (size before relaxing)
 .eh_frame      0x000000000011664c       0x48 binaries/sprintf.o
                                         0x60 (size before relaxing)
 .eh_frame      0x0000000000116694       0x60 binaries/sscanf.o
                                         0x78 (size before relaxing)
 .eh_frame      0x00000000001166f4       0x24 binaries/strchr.o
                                         0x3c (size before relaxing)
 .eh_frame      0x0000000000116718       0x24 binaries/strcmp.o
                                         0x3c (size before relaxing)
 .eh_frame      0x000000000011673c       0x20 binaries/strcpy.o
                                         0x38 (size before relaxing)
 .eh_frame      0x000000000011675c       0x20 binaries/strlen.o
                                         0x38 (size before relaxing)
 .eh_frame      0x000000000011677c       0x2c binaries/strncat.o
                                         0x44 (size before relaxing)
 .eh_frame      0x00000000001167a8       0x24 binaries/strncmp.o
                                         0x3c (size before relaxing)
 .eh_frame      0x00000000001167cc       0x2c binaries/strncpy.o
                                         0x44 (size before relaxing)
 .eh_frame      0x00000000001167f8       0x24 binaries/strnlen.o
                                         0x3c (size before relaxing)
 .eh_frame      0x000000000011681c       0x24 binaries/strrchr.o
                                         0x3c (size before relaxing)
 .eh_frame      0x0000000000116840       0x2c binaries/strstr.o
                                         0x44 (size before relaxing)
 .eh_frame      0x000000000011686c       0x30 binaries/ttycontrol.o
                                         0x48 (size before relaxing)
 .eh_frame      0x000000000011689c       0x2c binaries/ttygetc.o
                                         0x44 (size before relaxing)
 .eh_frame      0x00000000001168c8       0x84 binaries/ttyhandle_in.o
                                         0x9c (size before relaxing)
 .eh_frame      0x000000000011694c       0x30 binaries/ttyhandle_out.o
                                         0x48 (size before relaxing)
 .eh_frame      0x000000000011697c       0x28 binaries/ttyhandler.o
                                         0x40 (size before relaxing)
 .eh_frame      0x00000000001169a4       0x30 binaries/ttyinit.o
                                         0x48 (size before relaxing)
 .eh_frame      0x00000000001169d4       0x20 binaries/ttykickout.o
                                         0x38 (size before relaxing)
 .eh_frame      0x00000000001169f4       0x2c binaries/ttyputc.o
                                         0x44 (size before relaxing)
 .eh_frame      0x0000000000116a20       0x2c binaries/ttyread.o
                                         0x44 (size before relaxing)
 .eh_frame      0x0000000000116a4c       0x2c binaries/ttywrite.o
                                         0x44 (size before relaxing)
 .eh_frame      0x0000000000116a78       0x4c binaries/mount.o
                                         0x64 (size before relaxing)
 .eh_frame      0x0000000000116ac4       0x30 binaries/naminit.o
                                         0x48 (size before relaxing)
 .eh_frame      0x0000000000116af4       0x84 binaries/nammap.o
                                         0x9c (size before relaxing)
 .eh_frame      0x0000000000116b78       0x20 binaries/namopen.o
                                         0x38 (size before relaxing)
 .eh_frame      0x0000000000116b98       0x2c binaries/colon2mac.o
                                         0x44 (size before relaxing)
 .eh_frame      0x0000000000116bc4       0x20 binaries/ethcontrol.o
                                         0x38 (size before relaxing)
 .eh_frame      0x0000000000116be4       0x30 binaries/ethhandler.o
                                         0x48 (size before relaxing)
 .eh_frame      0x0000000000116c14       0x98 binaries/ethinit.o
                                         0xb0 (size before relaxing)
 .eh_frame      0x0000000000116cac       0x54 binaries/ethmcast.o
                                         0x6c (size before relaxing)
 .eh_frame      0x0000000000116d00       0x30 binaries/ethread.o
                                         0x48 (size before relaxing)
 .eh_frame      0x0000000000116d30       0x2c binaries/ethwrite.o
                                         0x44 (size before relaxing)
 .eh_frame      0x0000000000116d5c       0x24 binaries/rdsbufalloc.o
                                         0x3c (size before relaxing)
 .eh_frame      0x0000000000116d80       0x2c binaries/rdsclose.o
                                         0x44 (size before relaxing)
 .eh_frame      0x0000000000116dac       0x30 binaries/rdscomm.o
                                         0x48 (size before relaxing)
 .eh_frame      0x0000000000116ddc       0x30 binaries/rdscontrol.o
                                         0x48 (size before relaxing)
 .eh_frame      0x0000000000116e0c       0x30 binaries/rdsinit.o
                                         0x48 (size before relaxing)
 .eh_frame      0x0000000000116e3c       0x30 binaries/rdsopen.o
                                         0x48 (size before relaxing)
 .eh_frame      0x0000000000116e6c       0x20 binaries/rdsprocess.o
                                         0x38 (size before relaxing)
 .eh_frame      0x0000000000116e8c       0x30 binaries/rdsread.o
                                         0x48 (size before relaxing)
 .eh_frame      0x0000000000116ebc       0x30 binaries/rdswrite.o
                                         0x48 (size before relaxing)
 .eh_frame      0x0000000000116eec       0x20 binaries/ramclose.o
                                         0x38 (size before relaxing)
 .eh_frame      0x0000000000116f0c       0x20 binaries/raminit.o
                                         0x38 (size before relaxing)
 .eh_frame      0x0000000000116f2c       0x20 binaries/ramopen.o
                                         0x38 (size before relaxing)
 .eh_frame      0x0000000000116f4c       0x20 binaries/ramread.o
                                         0x38 (size before relaxing)
 .eh_frame      0x0000000000116f6c       0x20 binaries/ramwrite.o
                                         0x38 (size before relaxing)
 .eh_frame      0x0000000000116f8c       0x28 binaries/lfdballoc.o
                                         0x40 (size before relaxing)
 .eh_frame      0x0000000000116fb4       0x24 binaries/lfdbfree.o
                                         0x3c (size before relaxing)
 .eh_frame      0x0000000000116fd8       0x24 binaries/lfflush.o
                                         0x3c (size before relaxing)
 .eh_frame      0x0000000000116ffc       0x20 binaries/lfgetmode.o
                                         0x38 (size before relaxing)
 .eh_frame      0x000000000011701c       0x24 binaries/lfiballoc.o
                                         0x3c (size before relaxing)
 .eh_frame      0x0000000000117040       0x20 binaries/lfibclear.o
                                         0x38 (size before relaxing)
 .eh_frame      0x0000000000117060       0x2c binaries/lfibget.o
                                         0x44 (size before relaxing)
 .eh_frame      0x000000000011708c       0x2c binaries/lfibput.o
                                         0x44 (size before relaxing)
 .eh_frame      0x00000000001170b8       0x28 binaries/lflclose.o
                                         0x40 (size before relaxing)
 .eh_frame      0x00000000001170e0       0x2c binaries/lflcontrol.o
                                         0x44 (size before relaxing)
 .eh_frame      0x000000000011710c       0x2c binaries/lflgetc.o
                                         0x44 (size before relaxing)
 .eh_frame      0x0000000000117138       0x2c binaries/lflinit.o
                                         0x44 (size before relaxing)
 .eh_frame      0x0000000000117164       0x30 binaries/lflputc.o
                                         0x48 (size before relaxing)
 .eh_frame      0x0000000000117194       0x2c binaries/lflread.o
                                         0x44 (size before relaxing)
 .eh_frame      0x00000000001171c0       0x2c binaries/lflseek.o
                                         0x44 (size before relaxing)
 .eh_frame      0x00000000001171ec       0x2c binaries/lflwrite.o
                                         0x44 (size before relaxing)
 .eh_frame      0x0000000000117218       0x30 binaries/lfsckfmt.o
                                         0x48 (size before relaxing)
 .eh_frame      0x0000000000117248       0x30 binaries/lfscreate.o
                                         0x48 (size before relaxing)
 .eh_frame      0x0000000000117278       0x30 binaries/lfsetup.o
                                         0x48 (size before relaxing)
 .eh_frame      0x00000000001172a8       0x20 binaries/lfsinit.o
                                         0x38 (size before relaxing)
 .eh_frame      0x00000000001172c8       0x30 binaries/lfsopen.o
                                         0x48 (size before relaxing)
 .eh_frame      0x00000000001172f8       0x30 binaries/lftruncate.o
                                         0x48 (size before relaxing)
 .eh_frame      0x0000000000117328       0x20 binaries/rflclose.o
                                         0x38 (size before relaxing)
 .eh_frame      0x0000000000117348       0x20 binaries/rflgetc.o
                                         0x38 (size before relaxing)
 .eh_frame      0x0000000000117368       0x24 binaries/rflinit.o
                                         0x3c (size before relaxing)
[...]
 .comment       0x000000000000002a       0x2b binaries/xsh_date.o
 .comment       0x000000000000002a       0x2b binaries/xsh_devdump.o
 .comment       0x000000000000002a       0x2b binaries/xsh_echo.o
 .comment       0x000000000000002a       0x2b binaries/xsh_exit.o
 .comment       0x000000000000002a       0x2b binaries/xsh_help.o
 .comment       0x000000000000002a       0x2b binaries/xsh_ipaddr.o
 .comment       0x000000000000002a       0x2b binaries/xsh_kill.o
 .comment       0x000000000000002a       0x2b binaries/xsh_memdump.o
 .comment       0x000000000000002a       0x2b binaries/xsh_memstat.o
 .comment       0x000000000000002a       0x2b binaries/xsh_pcount.o
 .comment       0x000000000000002a       0x2b binaries/xsh_ping.o
 .comment       0x000000000000002a       0x2b binaries/xsh_ps.o
 .comment       0x000000000000002a       0x2b binaries/xsh_sleep.o
 .comment       0x000000000000002a       0x2b binaries/xsh_udpdump.o
 .comment       0x000000000000002a       0x2b binaries/xsh_udpecho.o
 .comment       0x000000000000002a       0x2b binaries/xsh_udpeserver.o
 .comment       0x000000000000002a       0x2b binaries/xsh_uptime.o
 .comment       0x000000000000002a       0x2b binaries/net2hostlgcc.o

.note.GNU-stack
                0x0000000000000000        0x0
 .note.GNU-stack
                0x0000000000000000        0x0 binaries/ascdate.o
 .note.GNU-stack
                0x0000000000000000        0x0 binaries/bufinit.o
 .note.GNU-stack
                0x0000000000000000        0x0 binaries/chprio.o
 .note.GNU-stack
                0x0000000000000000        0x0 binaries/clkhandler.o
 .note.GNU-stack
                0x0000000000000000        0x0 binaries/clkinit.o
 .note.GNU-stack
                0x0000000000000000        0x0 binaries/close.o
 .note.GNU-stack
                0x0000000000000000        0x0 binaries/conf.o
 .note.GNU-stack
                0x0000000000000000        0x0 binaries/control.o
 .note.GNU-stack
                0x0000000000000000        0x0 binaries/cpubnd.o
 .note.GNU-stack
                0x0000000000000000        0x0 binaries/create.o
 .note.GNU-stack
                0x0000000000000000        0x0 binaries/early_imr.o
 .note.GNU-stack
                0x0000000000000000        0x0 binaries/evec.o
 .note.GNU-stack
                0x0000000000000000        0x0 binaries/freebuf.o
 .note.GNU-stack
                0x0000000000000000        0x0 binaries/freemem.o
 .note.GNU-stack
                0x0000000000000000        0x0 binaries/getbuf.o
 .note.GNU-stack
                0x0000000000000000        0x0 binaries/getc.o
 .note.GNU-stack
                0x0000000000000000        0x0 binaries/getdev.o
 .note.GNU-stack
                0x0000000000000000        0x0 binaries/getitem.o
 .note.GNU-stack
                0x0000000000000000        0x0 binaries/getmem.o
 .note.GNU-stack
                0x0000000000000000        0x0 binaries/getpid.o
 .note.GNU-stack
                0x0000000000000000        0x0 binaries/getprio.o
 .note.GNU-stack
                0x0000000000000000        0x0 binaries/getstk.o
 .note.GNU-stack
                0x0000000000000000        0x0 binaries/gettime.o
 .note.GNU-stack
                0x0000000000000000        0x0 binaries/getutime.o
 .note.GNU-stack
                0x0000000000000000        0x0 binaries/init.o
 .note.GNU-stack
                0x0000000000000000        0x0 binaries/initialize.o
 .note.GNU-stack
                0x0000000000000000        0x0 binaries/insert.o
 .note.GNU-stack
                0x0000000000000000        0x0 binaries/insertd.o
 .note.GNU-stack
                0x0000000000000000        0x0 binaries/iobnd.o
 .note.GNU-stack
                0x0000000000000000        0x0 binaries/ioerr.o
 .note.GNU-stack
                0x0000000000000000        0x0 binaries/ionull.o
 .note.GNU-stack
                0x0000000000000000        0x0 binaries/kill.o
 .note.GNU-stack
                0x0000000000000000        0x0 binaries/kprintf.o
 .note.GNU-stack
                0x0000000000000000        0x0 binaries/lab1.o
 .note.GNU-stack
                0x0000000000000000        0x0 binaries/lab2.o
 .note.GNU-stack
                0x0000000000000000        0x0 binaries/main.o
 .note.GNU-stack
                0x0000000000000000        0x0 binaries/mark.o
 .note.GNU-stack
                0x0000000000000000        0x0 binaries/meminit.o
 .note.GNU-stack
                0x0000000000000000        0x0 binaries/mkbufpool.o
 .note.GNU-stack
                0x0000000000000000        0x0 binaries/net2hostlasm.o
 .note.GNU-stack
                0x0000000000000000        0x0 binaries/newqueue.o
 .note.GNU-stack
                0x0000000000000000        0x0 binaries/open.o
 .note.GNU-stack
                0x0000000000000000        0x0 binaries/panic.o
 .note.GNU-stack
                0x0000000000000000        0x0 binaries/pci.o
 .note.GNU-stack
                0x0000000000000000        0x0 binaries/platinit.o
 .note.GNU-stack
                0x0000000000000000        0x0 binaries/printsegaddr.o
 .note.GNU-stack
                0x0000000000000000        0x0 binaries/ptclear.o
 .note.GNU-stack
                0x0000000000000000        0x0 binaries/ptcount.o
 .note.GNU-stack
                0x0000000000000000        0x0 binaries/ptcreate.o
 .note.GNU-stack
                0x0000000000000000        0x0 binaries/ptdelete.o
 .note.GNU-stack
                0x0000000000000000        0x0 binaries/ptinit.o
 .note.GNU-stack
                0x0000000000000000        0x0 binaries/ptrecv.o
 .note.GNU-stack
                0x0000000000000000        0x0 binaries/ptreset.o
 .note.GNU-stack
                0x0000000000000000        0x0 binaries/ptsend.o
 .note.GNU-stack
                0x0000000000000000        0x0 binaries/putc.o
 .note.GNU-stack
                0x0000000000000000        0x0 binaries/quark_irq.o
 .note.GNU-stack
                0x0000000000000000        0x0 binaries/quark_pdat.o
 .note.GNU-stack
                0x0000000000000000        0x0 binaries/queue.o
 .note.GNU-stack
                0x0000000000000000        0x0 binaries/rcreate.o
 .note.GNU-stack
                0x0000000000000000        0x0 binaries/read.o
 .note.GNU-stack
                0x0000000000000000        0x0 binaries/ready.o
 .note.GNU-stack
                0x0000000000000000        0x0 binaries/receive.o
 .note.GNU-stack
                0x0000000000000000        0x0 binaries/recvclr.o
 .note.GNU-stack
                0x0000000000000000        0x0 binaries/recvtime.o
 .note.GNU-stack
                0x0000000000000000        0x0 binaries/resched.o
 .note.GNU-stack
                0x0000000000000000        0x0 binaries/resume.o
 .note.GNU-stack
                0x0000000000000000        0x0 binaries/seek.o
 .note.GNU-stack
                0x0000000000000000        0x0 binaries/semcount.o
 .note.GNU-stack
                0x0000000000000000        0x0 binaries/semcreate.o
 .note.GNU-stack
                0x0000000000000000        0x0 binaries/semdelete.o
 .note.GNU-stack
                0x0000000000000000        0x0 binaries/semreset.o
 .note.GNU-stack
                0x0000000000000000        0x0 binaries/send.o
 .note.GNU-stack
                0x0000000000000000        0x0 binaries/signal.o
 .note.GNU-stack
                0x0000000000000000        0x0 binaries/signaln.o
 .note.GNU-stack
                0x0000000000000000        0x0 binaries/sleep.o
 .note.GNU-stack
                0x0000000000000000        0x0 binaries/stacksmashA.o
 .note.GNU-stack
                0x0000000000000000        0x0 binaries/stacksmashV.o
 .note.GNU-stack
                0x0000000000000000        0x0 binaries/stacktrace.o
 .note.GNU-stack
                0x0000000000000000        0x0 binaries/suspend.o
 .note.GNU-stack
                0x0000000000000000        0x0 binaries/unsleep.o
 .note.GNU-stack
                0x0000000000000000        0x0 binaries/userret.o
 .note.GNU-stack
                0x0000000000000000        0x0 binaries/wait.o
 .note.GNU-stack
                0x0000000000000000        0x0 binaries/wakeup.o
 .note.GNU-stack
                0x0000000000000000        0x0 binaries/write.o
 .note.GNU-stack
                0x0000000000000000        0x0 binaries/xdone.o
 .note.GNU-stack
                0x0000000000000000        0x0 binaries/yield.o
 .note.GNU-stack
                0x0000000000000000        0x0 binaries/abs.o
 .note.GNU-stack
                0x0000000000000000        0x0 binaries/atoi.o
 .note.GNU-stack
                0x0000000000000000        0x0 binaries/atol.o
 .note.GNU-stack
                0x0000000000000000        0x0 binaries/bzero.o
 .note.GNU-stack
                0x0000000000000000        0x0 binaries/ctype_.o
 .note.GNU-stack
                0x0000000000000000        0x0 binaries/doprnt.o
 .note.GNU-stack
                0x0000000000000000        0x0 binaries/doscan.o
 .note.GNU-stack
                0x0000000000000000        0x0 binaries/fdoprnt.o
 .note.GNU-stack
                0x0000000000000000        0x0 binaries/fgetc.o
 .note.GNU-stack
                0x0000000000000000        0x0 binaries/fgets.o
 .note.GNU-stack
                0x0000000000000000        0x0 binaries/fprintf.o
 .note.GNU-stack
                0x0000000000000000        0x0 binaries/fputc.o
 .note.GNU-stack
                0x0000000000000000        0x0 binaries/fputs.o
 .note.GNU-stack
                0x0000000000000000        0x0 binaries/fscanf.o
 .note.GNU-stack
                0x0000000000000000        0x0 binaries/getchar.o
 .note.GNU-stack
                0x0000000000000000        0x0 binaries/labs.o
 .note.GNU-stack
                0x0000000000000000        0x0 binaries/memchr.o
 .note.GNU-stack
                0x0000000000000000        0x0 binaries/memcmp.o
 .note.GNU-stack
                0x0000000000000000        0x0 binaries/memcpy.o
 .note.GNU-stack
                0x0000000000000000        0x0 binaries/memset.o
 .note.GNU-stack
                0x0000000000000000        0x0 binaries/printf.o
 .note.GNU-stack
                0x0000000000000000        0x0 binaries/putchar.o
 .note.GNU-stack
                0x0000000000000000        0x0 binaries/qsort.o
 .note.GNU-stack
                0x0000000000000000        0x0 binaries/rand.o
 .note.GNU-stack
                0x0000000000000000        0x0 binaries/sprintf.o
 .note.GNU-stack
                0x0000000000000000        0x0 binaries/sscanf.o
 .note.GNU-stack
                0x0000000000000000        0x0 binaries/strchr.o
 .note.GNU-stack
                0x0000000000000000        0x0 binaries/strcmp.o
 .note.GNU-stack
                0x0000000000000000        0x0 binaries/strcpy.o
 .note.GNU-stack
                0x0000000000000000        0x0 binaries/strlen.o
 .note.GNU-stack
                0x0000000000000000        0x0 binaries/strncat.o
 .note.GNU-stack
                0x0000000000000000        0x0 binaries/strncmp.o
 .note.GNU-stack
                0x0000000000000000        0x0 binaries/strncpy.o
 .note.GNU-stack
                0x0000000000000000        0x0 binaries/strnlen.o
 .note.GNU-stack
                0x0000000000000000        0x0 binaries/strrchr.o
 .note.GNU-stack
                0x0000000000000000        0x0 binaries/strstr.o
 .note.GNU-stack
                0x0000000000000000        0x0 binaries/ttycontrol.o
 .note.GNU-stack
                0x0000000000000000        0x0 binaries/ttygetc.o
 .note.GNU-stack
                0x0000000000000000        0x0 binaries/ttyhandle_in.o
 .note.GNU-stack
                0x0000000000000000        0x0 binaries/ttyhandle_out.o
 .note.GNU-stack
                0x0000000000000000        0x0 binaries/ttyhandler.o
 .note.GNU-stack
                0x0000000000000000        0x0 binaries/ttyinit.o
 .note.GNU-stack
                0x0000000000000000        0x0 binaries/ttykickout.o
 .note.GNU-stack
                0x0000000000000000        0x0 binaries/ttyputc.o
 .note.GNU-stack
                0x0000000000000000        0x0 binaries/ttyread.o
 .note.GNU-stack
                0x0000000000000000        0x0 binaries/ttywrite.o
 .note.GNU-stack
                0x0000000000000000        0x0 binaries/mount.o
 .note.GNU-stack
                0x0000000000000000        0x0 binaries/naminit.o
 .note.GNU-stack
                0x0000000000000000        0x0 binaries/nammap.o
 .note.GNU-stack
                0x0000000000000000        0x0 binaries/namopen.o
 .note.GNU-stack
                0x0000000000000000        0x0 binaries/colon2mac.o
 .note.GNU-stack
                0x0000000000000000        0x0 binaries/ethcontrol.o
 .note.GNU-stack
                0x0000000000000000        0x0 binaries/ethhandler.o
 .note.GNU-stack
                0x0000000000000000        0x0 binaries/ethinit.o
 .note.GNU-stack
                0x0000000000000000        0x0 binaries/ethmcast.o
 .note.GNU-stack
                0x0000000000000000        0x0 binaries/ethread.o
 .note.GNU-stack
                0x0000000000000000        0x0 binaries/ethwrite.o
 .note.GNU-stack
                0x0000000000000000        0x0 binaries/rdsbufalloc.o
 .note.GNU-stack
                0x0000000000000000        0x0 binaries/rdsclose.o
 .note.GNU-stack
                0x0000000000000000        0x0 binaries/rdscomm.o
 .note.GNU-stack
                0x0000000000000000        0x0 binaries/rdscontrol.o
 .note.GNU-stack
                0x0000000000000000        0x0 binaries/rdsinit.o
 .note.GNU-stack
                0x0000000000000000        0x0 binaries/rdsopen.o
 .note.GNU-stack
                0x0000000000000000        0x0 binaries/rdsprocess.o
 .note.GNU-stack
                0x0000000000000000        0x0 binaries/rdsread.o
 .note.GNU-stack
                0x0000000000000000        0x0 binaries/rdswrite.o
 .note.GNU-stack
                0x0000000000000000        0x0 binaries/ramclose.o
 .note.GNU-stack
                0x0000000000000000        0x0 binaries/raminit.o
 .note.GNU-stack
                0x0000000000000000        0x0 binaries/ramopen.o
 .note.GNU-stack
                0x0000000000000000        0x0 binaries/ramread.o
 .note.GNU-stack
                0x0000000000000000        0x0 binaries/ramwrite.o
 .note.GNU-stack
                0x0000000000000000        0x0 binaries/lfdballoc.o
 .note.GNU-stack
                0x0000000000000000        0x0 binaries/lfdbfree.o
 .note.GNU-stack
                0x0000000000000000        0x0 binaries/lfflush.o
 .note.GNU-stack
                0x0000000000000000        0x0 binaries/lfgetmode.o
 .note.GNU-stack
                0x0000000000000000        0x0 binaries/lfiballoc.o
 .note.GNU-stack
                0x0000000000000000        0x0 binaries/lfibclear.o
 .note.GNU-stack
                0x0000000000000000        0x0 binaries/lfibget.o
 .note.GNU-stack
                0x0000000000000000        0x0 binaries/lfibput.o
 .note.GNU-stack
                0x0000000000000000        0x0 binaries/lflclose.o
 .note.GNU-stack
                0x0000000000000000        0x0 binaries/lflcontrol.o
 .note.GNU-stack
                0x0000000000000000        0x0 binaries/lflgetc.o
 .note.GNU-stack
                0x0000000000000000        0x0 binaries/lflinit.o
 .note.GNU-stack
                0x0000000000000000        0x0 binaries/lflputc.o
 .note.GNU-stack
                0x0000000000000000        0x0 binaries/lflread.o
 .note.GNU-stack
                0x0000000000000000        0x0 binaries/lflseek.o
 .note.GNU-stack
                0x0000000000000000        0x0 binaries/lflwrite.o
 .note.GNU-stack
                0x0000000000000000        0x0 binaries/lfsckfmt.o
 .note.GNU-stack
                0x0000000000000000        0x0 binaries/lfscreate.o
 .note.GNU-stack
                0x0000000000000000        0x0 binaries/lfsetup.o
 .note.GNU-stack
                0x0000000000000000        0x0 binaries/lfsinit.o
 .note.GNU-stack
                0x0000000000000000        0x0 binaries/lfsopen.o
 .note.GNU-stack
                0x0000000000000000        0x0 binaries/lftruncate.o
 .note.GNU-stack
                0x0000000000000000        0x0 binaries/rflclose.o
 .note.GNU-stack
                0x0000000000000000        0x0 binaries/rflgetc.o
 .note.GNU-stack
                0x0000000000000000        0x0 binaries/rflinit.o
 .note.GNU-stack
                0x0000000000000000        0x0 binaries/rflputc.o
 .note.GNU-stack
                0x0000000000000000        0x0 binaries/rflread.o
 .note.GNU-stack
                0x0000000000000000        0x0 binaries/rflseek.o
 .note.GNU-stack
                0x0000000000000000        0x0 binaries/rflwrite.o
 .note.GNU-stack
                0x0000000000000000        0x0 binaries/rfscomm.o
 .note.GNU-stack
                0x0000000000000000        0x0 binaries/rfscontrol.o
 .note.GNU-stack
                0x0000000000000000        0x0 binaries/rfsgetmode.o
 .note.GNU-stack
                0x0000000000000000        0x0 binaries/rfsinit.o
 .note.GNU-stack
                0x0000000000000000        0x0 binaries/rfsndmsg.o
 .note.GNU-stack
                0x0000000000000000        0x0 binaries/rfsopen.o
 .note.GNU-stack
                0x0000000000000000        0x0 binaries/arp.o
 .note.GNU-stack
                0x0000000000000000        0x0 binaries/dhcp.o
 .note.GNU-stack
                0x0000000000000000        0x0 binaries/dot2ip.o
 .note.GNU-stack
                0x0000000000000000        0x0 binaries/hexdump.o
 .note.GNU-stack
                0x0000000000000000        0x0 binaries/icmp.o
 .note.GNU-stack
                0x0000000000000000        0x0 binaries/ip.o
 .note.GNU-stack
                0x0000000000000000        0x0 binaries/net.o
 .note.GNU-stack
                0x0000000000000000        0x0 binaries/netstart.o
 .note.GNU-stack
                0x0000000000000000        0x0 binaries/pdump.o
 .note.GNU-stack
                0x0000000000000000        0x0 binaries/tftp.o
 .note.GNU-stack
                0x0000000000000000        0x0 binaries/udp.o
 .note.GNU-stack
                0x0000000000000000        0x0 binaries/addargs.o
 .note.GNU-stack
                0x0000000000000000        0x0 binaries/lexan.o
 .note.GNU-stack
                0x0000000000000000        0x0 binaries/shell.o
 .note.GNU-stack
                0x0000000000000000        0x0 binaries/xsh_argecho.o
 .note.GNU-stack
                0x0000000000000000        0x0 binaries/xsh_arp.o
 .note.GNU-stack
                0x0000000000000000        0x0 binaries/xsh_cat.o
 .note.GNU-stack
                0x0000000000000000        0x0 binaries/xsh_clear.o
 .note.GNU-stack
                0x0000000000000000        0x0 binaries/xsh_date.o
 .note.GNU-stack
                0x0000000000000000        0x0 binaries/xsh_devdump.o
 .note.GNU-stack
                0x0000000000000000        0x0 binaries/xsh_echo.o
 .note.GNU-stack
                0x0000000000000000        0x0 binaries/xsh_exit.o
 .note.GNU-stack
                0x0000000000000000        0x0 binaries/xsh_help.o
 .note.GNU-stack
                0x0000000000000000        0x0 binaries/xsh_ipaddr.o
 .note.GNU-stack
                0x0000000000000000        0x0 binaries/xsh_kill.o
 .note.GNU-stack
                0x0000000000000000        0x0 binaries/xsh_memdump.o
 .note.GNU-stack
                0x0000000000000000        0x0 binaries/xsh_memstat.o
 .note.GNU-stack
                0x0000000000000000        0x0 binaries/xsh_pcount.o
 .note.GNU-stack
                0x0000000000000000        0x0 binaries/xsh_ping.o
 .note.GNU-stack
                0x0000000000000000        0x0 binaries/xsh_ps.o
 .note.GNU-stack
                0x0000000000000000        0x0 binaries/xsh_sleep.o
 .note.GNU-stack
                0x0000000000000000        0x0 binaries/xsh_udpdump.o
 .note.GNU-stack
                0x0000000000000000        0x0 binaries/xsh_udpecho.o
 .note.GNU-stack
                0x0000000000000000        0x0 binaries/xsh_udpeserver.o
 .note.GNU-stack
                0x0000000000000000        0x0 binaries/xsh_uptime.o
 .note.GNU-stack
                0x0000000000000000        0x0 binaries/net2hostlgcc.o
